Component: ARM Compiler 5.06 update 1 (build 61) Tool: armlink [4d35a8]

==============================================================================

Section Cross References

    isr.o(i.DMA1_Channel1_IRQHandler) refers to hal_dma.o(i.DMA_GetFlagStatus) for DMA_GetFlagStatus
    isr.o(i.DMA1_Channel1_IRQHandler) refers to hal_dma.o(i.DMA_ClearFlag) for DMA_ClearFlag
    isr.o(i.DMA1_Channel2_IRQHandler) refers to hal_dma.o(i.DMA_GetFlagStatus) for DMA_GetFlagStatus
    isr.o(i.DMA1_Channel2_IRQHandler) refers to hal_dma.o(i.DMA_ClearFlag) for DMA_ClearFlag
    isr.o(i.DMA1_Channel3_IRQHandler) refers to hal_dma.o(i.DMA_GetFlagStatus) for DMA_GetFlagStatus
    isr.o(i.DMA1_Channel3_IRQHandler) refers to hal_dma.o(i.DMA_ClearFlag) for DMA_ClearFlag
    isr.o(i.DMA1_Channel4_IRQHandler) refers to hal_dma.o(i.DMA_GetFlagStatus) for DMA_GetFlagStatus
    isr.o(i.DMA1_Channel4_IRQHandler) refers to hal_dma.o(i.DMA_ClearFlag) for DMA_ClearFlag
    isr.o(i.DMA1_Channel4_IRQHandler) refers to seekfree_7725.o(i.ov7725_dma) for ov7725_dma
    isr.o(i.DMA1_Channel4_IRQHandler) refers to seekfree_uart_7725.o(i.ov7725_uart_dma) for ov7725_uart_dma
    isr.o(i.DMA1_Channel4_IRQHandler) refers to seekfree_mt9v03x.o(i.mt9v03x_dma) for mt9v03x_dma
    isr.o(i.DMA1_Channel4_IRQHandler) refers to common.o(.data) for camera_type
    isr.o(i.DMA1_Channel5_IRQHandler) refers to hal_dma.o(i.DMA_GetFlagStatus) for DMA_GetFlagStatus
    isr.o(i.DMA1_Channel5_IRQHandler) refers to hal_dma.o(i.DMA_ClearFlag) for DMA_ClearFlag
    isr.o(i.DMA1_Channel6_IRQHandler) refers to hal_dma.o(i.DMA_GetFlagStatus) for DMA_GetFlagStatus
    isr.o(i.DMA1_Channel6_IRQHandler) refers to hal_dma.o(i.DMA_ClearFlag) for DMA_ClearFlag
    isr.o(i.DMA1_Channel7_IRQHandler) refers to hal_dma.o(i.DMA_GetFlagStatus) for DMA_GetFlagStatus
    isr.o(i.DMA1_Channel7_IRQHandler) refers to hal_dma.o(i.DMA_ClearFlag) for DMA_ClearFlag
    isr.o(i.DMA2_Channel1_IRQHandler) refers to hal_dma.o(i.DMA_GetFlagStatus) for DMA_GetFlagStatus
    isr.o(i.DMA2_Channel1_IRQHandler) refers to hal_dma.o(i.DMA_ClearFlag) for DMA_ClearFlag
    isr.o(i.DMA2_Channel2_IRQHandler) refers to hal_dma.o(i.DMA_GetFlagStatus) for DMA_GetFlagStatus
    isr.o(i.DMA2_Channel2_IRQHandler) refers to hal_dma.o(i.DMA_ClearFlag) for DMA_ClearFlag
    isr.o(i.DMA2_Channel3_IRQHandler) refers to hal_dma.o(i.DMA_GetFlagStatus) for DMA_GetFlagStatus
    isr.o(i.DMA2_Channel3_IRQHandler) refers to hal_dma.o(i.DMA_ClearFlag) for DMA_ClearFlag
    isr.o(i.DMA2_Channel4_IRQHandler) refers to hal_dma.o(i.DMA_GetFlagStatus) for DMA_GetFlagStatus
    isr.o(i.DMA2_Channel4_IRQHandler) refers to hal_dma.o(i.DMA_ClearFlag) for DMA_ClearFlag
    isr.o(i.DMA2_Channel5_IRQHandler) refers to hal_dma.o(i.DMA_GetFlagStatus) for DMA_GetFlagStatus
    isr.o(i.DMA2_Channel5_IRQHandler) refers to hal_dma.o(i.DMA_ClearFlag) for DMA_ClearFlag
    isr.o(i.EXTI0_IRQHandler) refers to hal_exti.o(i.EXTI_ClearFlag) for EXTI_ClearFlag
    isr.o(i.EXTI15_10_IRQHandler) refers to hal_exti.o(i.EXTI_GetITStatus) for EXTI_GetITStatus
    isr.o(i.EXTI15_10_IRQHandler) refers to hal_exti.o(i.EXTI_ClearFlag) for EXTI_ClearFlag
    isr.o(i.EXTI15_10_IRQHandler) refers to hal_gpio.o(i.GPIO_SetBits) for GPIO_SetBits
    isr.o(i.EXTI15_10_IRQHandler) refers to zf_systick.o(i.systick_delay_ms) for systick_delay_ms
    isr.o(i.EXTI15_10_IRQHandler) refers to hal_gpio.o(i.GPIO_ResetBits) for GPIO_ResetBits
    isr.o(i.EXTI1_IRQHandler) refers to hal_exti.o(i.EXTI_ClearFlag) for EXTI_ClearFlag
    isr.o(i.EXTI2_IRQHandler) refers to hal_exti.o(i.EXTI_ClearFlag) for EXTI_ClearFlag
    isr.o(i.EXTI3_IRQHandler) refers to hal_exti.o(i.EXTI_ClearFlag) for EXTI_ClearFlag
    isr.o(i.EXTI4_IRQHandler) refers to hal_exti.o(i.EXTI_ClearFlag) for EXTI_ClearFlag
    isr.o(i.EXTI9_5_IRQHandler) refers to hal_exti.o(i.EXTI_GetITStatus) for EXTI_GetITStatus
    isr.o(i.EXTI9_5_IRQHandler) refers to hal_exti.o(i.EXTI_ClearFlag) for EXTI_ClearFlag
    isr.o(i.EXTI9_5_IRQHandler) refers to seekfree_7725.o(i.ov7725_vsync) for ov7725_vsync
    isr.o(i.EXTI9_5_IRQHandler) refers to seekfree_uart_7725.o(i.ov7725_uart_vsync) for ov7725_uart_vsync
    isr.o(i.EXTI9_5_IRQHandler) refers to seekfree_mt9v03x.o(i.mt9v03x_vsync) for mt9v03x_vsync
    isr.o(i.EXTI9_5_IRQHandler) refers to common.o(.data) for camera_type
    isr.o(i.TIM2_IRQHandler) refers to dogcart_algorithm.o(.data) for time_accumulate
    isr.o(i.TIM6_IRQHandler) refers to dogcart_algorithm.o(i.OutputSpeedControl) for OutputSpeedControl
    isr.o(i.TIM6_IRQHandler) refers to zf_tim.o(i.tim_encoder_get_count) for tim_encoder_get_count
    isr.o(i.TIM6_IRQHandler) refers to zf_tim.o(i.tim_counter_rst) for tim_counter_rst
    isr.o(i.TIM6_IRQHandler) refers to dogcart_algorithm.o(i.SpeedControl) for SpeedControl
    isr.o(i.TIM6_IRQHandler) refers to dogcart_algorithm.o(.data) for speedControlPeriod
[...]
    ..\..\Libraries\seekfree_libraries\zf_camera.c 0x00000000   Number         0  zf_camera.o ABSOLUTE
    ..\..\Libraries\seekfree_libraries\zf_exti.c 0x00000000   Number         0  zf_exti.o ABSOLUTE
    ..\..\Libraries\seekfree_libraries\zf_flash.c 0x00000000   Number         0  zf_flash.o ABSOLUTE
    ..\..\Libraries\seekfree_libraries\zf_fsmc.c 0x00000000   Number         0  zf_fsmc.o ABSOLUTE
    ..\..\Libraries\seekfree_libraries\zf_gpio.c 0x00000000   Number         0  zf_gpio.o ABSOLUTE
    ..\..\Libraries\seekfree_libraries\zf_pit.c 0x00000000   Number         0  zf_pit.o ABSOLUTE
    ..\..\Libraries\seekfree_libraries\zf_pwm.c 0x00000000   Number         0  zf_pwm.o ABSOLUTE
    ..\..\Libraries\seekfree_libraries\zf_spi.c 0x00000000   Number         0  zf_spi.o ABSOLUTE
    ..\..\Libraries\seekfree_libraries\zf_systick.c 0x00000000   Number         0  zf_systick.o ABSOLUTE
    ..\..\Libraries\seekfree_libraries\zf_tim.c 0x00000000   Number         0  zf_tim.o ABSOLUTE
    ..\..\Libraries\seekfree_libraries\zf_uart.c 0x00000000   Number         0  zf_uart.o ABSOLUTE
    ..\..\Libraries\seekfree_peripheral\SEEKFREE_18TFT.c 0x00000000   Number         0  seekfree_18tft.o ABSOLUTE
    ..\..\Libraries\seekfree_peripheral\SEEKFREE_7725.c 0x00000000   Number         0  seekfree_7725.o ABSOLUTE
    ..\..\Libraries\seekfree_peripheral\SEEKFREE_ABSOLUTE_ENCODER.c 0x00000000   Number         0  seekfree_absolute_encoder.o ABSOLUTE
    ..\..\Libraries\seekfree_peripheral\SEEKFREE_FONT.c 0x00000000   Number         0  seekfree_font.o ABSOLUTE
    ..\..\Libraries\seekfree_peripheral\SEEKFREE_ICM20602.c 0x00000000   Number         0  seekfree_icm20602.o ABSOLUTE
    ..\..\Libraries\seekfree_peripheral\SEEKFREE_IIC.c 0x00000000   Number         0  seekfree_iic.o ABSOLUTE
    ..\..\Libraries\seekfree_peripheral\SEEKFREE_IPS114_SPI.c 0x00000000   Number         0  seekfree_ips114_spi.o ABSOLUTE
    ..\..\Libraries\seekfree_peripheral\SEEKFREE_IPS200_PARALLEL8.c 0x00000000   Number         0  seekfree_ips200_parallel8.o ABSOLUTE
    ..\..\Libraries\seekfree_peripheral\SEEKFREE_MPU6050.c 0x00000000   Number         0  seekfree_mpu6050.o ABSOLUTE
    ..\..\Libraries\seekfree_peripheral\SEEKFREE_MT9V03X.c 0x00000000   Number         0  seekfree_mt9v03x.o ABSOLUTE
    ..\..\Libraries\seekfree_peripheral\SEEKFREE_OLED.c 0x00000000   Number         0  seekfree_oled.o ABSOLUTE
    ..\..\Libraries\seekfree_peripheral\SEEKFREE_TSL1401.c 0x00000000   Number         0  seekfree_tsl1401.o ABSOLUTE
    ..\..\Libraries\seekfree_peripheral\SEEKFREE_UART_7725.c 0x00000000   Number         0  seekfree_uart_7725.o ABSOLUTE
    ..\..\Libraries\seekfree_peripheral\SEEKFREE_VIRSCO.c 0x00000000   Number         0  seekfree_virsco.o ABSOLUTE
    ..\..\Libraries\seekfree_peripheral\SEEKFREE_WIRELESS.c 0x00000000   Number         0  seekfree_wireless.o ABSOLUTE
    ..\USER\src\Dogcart_Algorithm.c          0x00000000   Number         0  dogcart_algorithm.o ABSOLUTE
    ..\USER\src\Tiny_Module.c                0x00000000   Number         0  tiny_module.o ABSOLUTE
    ..\USER\src\isr.c                        0x00000000   Number         0  isr.o ABSOLUTE
    ..\USER\src\main.c                       0x00000000   Number         0  main.o ABSOLUTE
    ..\\..\\Libraries\\Device\\MM32F327x\\HAL_Lib\\Src\\hal_adc.c 0x00000000   Number         0  hal_adc.o ABSOLUTE
    ..\\..\\Libraries\\Device\\MM32F327x\\HAL_Lib\\Src\\hal_bkp.c 0x00000000   Number         0  hal_bkp.o ABSOLUTE
    ..\\..\\Libraries\\Device\\MM32F327x\\HAL_Lib\\Src\\hal_can.c 0x00000000   Number         0  hal_can.o ABSOLUTE
    ..\\..\\Libraries\\Device\\MM32F327x\\HAL_Lib\\Src\\hal_comp.c 0x00000000   Number         0  hal_comp.o ABSOLUTE
    ..\\..\\Libraries\\Device\\MM32F327x\\HAL_Lib\\Src\\hal_crc.c 0x00000000   Number         0  hal_crc.o ABSOLUTE
    ..\\..\\Libraries\\Device\\MM32F327x\\HAL_Lib\\Src\\hal_crs.c 0x00000000   Number         0  hal_crs.o ABSOLUTE
    ..\\..\\Libraries\\Device\\MM32F327x\\HAL_Lib\\Src\\hal_dac.c 0x00000000   Number         0  hal_dac.o ABSOLUTE
    ..\\..\\Libraries\\Device\\MM32F327x\\HAL_Lib\\Src\\hal_dbg.c 0x00000000   Number         0  hal_dbg.o ABSOLUTE
    ..\\..\\Libraries\\Device\\MM32F327x\\HAL_Lib\\Src\\hal_dma.c 0x00000000   Number         0  hal_dma.o ABSOLUTE
    ..\\..\\Libraries\\Device\\MM32F327x\\HAL_Lib\\Src\\hal_eth.c 0x00000000   Number         0  hal_eth.o ABSOLUTE
    ..\\..\\Libraries\\Device\\MM32F327x\\HAL_Lib\\Src\\hal_exti.c 0x00000000   Number         0  hal_exti.o ABSOLUTE
    ..\\..\\Libraries\\Device\\MM32F327x\\HAL_Lib\\Src\\hal_flash.c 0x00000000   Number         0  hal_flash.o ABSOLUTE
    ..\\..\\Libraries\\Device\\MM32F327x\\HAL_Lib\\Src\\hal_fsmc.c 0x00000000   Number         0  hal_fsmc.o ABSOLUTE
    ..\\..\\Libraries\\Device\\MM32F327x\\HAL_Lib\\Src\\hal_gpio.c 0x00000000   Number         0  hal_gpio.o ABSOLUTE
    ..\\..\\Libraries\\Device\\MM32F327x\\HAL_Lib\\Src\\hal_i2c.c 0x00000000   Number         0  hal_i2c.o ABSOLUTE
    ..\\..\\Libraries\\Device\\MM32F327x\\HAL_Lib\\Src\\hal_iwdg.c 0x00000000   Number         0  hal_iwdg.o ABSOLUTE
    ..\\..\\Libraries\\Device\\MM32F327x\\HAL_Lib\\Src\\hal_misc.c 0x00000000   Number         0  hal_misc.o ABSOLUTE
    ..\\..\\Libraries\\Device\\MM32F327x\\HAL_Lib\\Src\\hal_pwr.c 0x00000000   Number         0  hal_pwr.o ABSOLUTE
    ..\\..\\Libraries\\Device\\MM32F327x\\HAL_Lib\\Src\\hal_rcc.c 0x00000000   Number         0  hal_rcc.o ABSOLUTE
    ..\\..\\Libraries\\Device\\MM32F327x\\HAL_Lib\\Src\\hal_rtc.c 0x00000000   Number         0  hal_rtc.o ABSOLUTE
    ..\\..\\Libraries\\Device\\MM32F327x\\HAL_Lib\\Src\\hal_sdio.c 0x00000000   Number         0  hal_sdio.o ABSOLUTE
    ..\\..\\Libraries\\Device\\MM32F327x\\HAL_Lib\\Src\\hal_spi.c 0x00000000   Number         0  hal_spi.o ABSOLUTE
    ..\\..\\Libraries\\Device\\MM32F327x\\HAL_Lib\\Src\\hal_tim.c 0x00000000   Number         0  hal_tim.o ABSOLUTE
    ..\\..\\Libraries\\Device\\MM32F327x\\HAL_Lib\\Src\\hal_uart.c 0x00000000   Number         0  hal_uart.o ABSOLUTE
    ..\\..\\Libraries\\Device\\MM32F327x\\HAL_Lib\\Src\\hal_uid.c 0x00000000   Number         0  hal_uid.o ABSOLUTE
    ..\\..\\Libraries\\Device\\MM32F327x\\HAL_Lib\\Src\\hal_ver.c 0x00000000   Number         0  hal_ver.o ABSOLUTE
    ..\\..\\Libraries\\Device\\MM32F327x\\HAL_Lib\\Src\\hal_wwdg.c 0x00000000   Number         0  hal_wwdg.o ABSOLUTE
    ..\\..\\Libraries\\Device\\MM32F327x\\Source\\system_mm32f327x.c 0x00000000   Number         0  system_mm32f327x.o ABSOLUTE
    ..\\..\\Libraries\\seekfree_libraries\\board\\board.c 0x00000000   Number         0  board.o ABSOLUTE
    ..\\..\\Libraries\\seekfree_libraries\\common\\SEEKFREE_ASSERT.c 0x00000000   Number         0  seekfree_assert.o ABSOLUTE
    ..\\..\\Libraries\\seekfree_libraries\\common\\SEEKFREE_PRINTF.c 0x00000000   Number         0  seekfree_printf.o ABSOLUTE
    ..\\..\\Libraries\\seekfree_libraries\\common\\common.c 0x00000000   Number         0  common.o ABSOLUTE
    ..\\..\\Libraries\\seekfree_libraries\\zf_adc.c 0x00000000   Number         0  zf_adc.o ABSOLUTE
    ..\\..\\Libraries\\seekfree_libraries\\zf_camera.c 0x00000000   Number         0  zf_camera.o ABSOLUTE
    ..\\..\\Libraries\\seekfree_libraries\\zf_exti.c 0x00000000   Number         0  zf_exti.o ABSOLUTE
    ..\\..\\Libraries\\seekfree_libraries\\zf_flash.c 0x00000000   Number         0  zf_flash.o ABSOLUTE
    ..\\..\\Libraries\\seekfree_libraries\\zf_fsmc.c 0x00000000   Number         0  zf_fsmc.o ABSOLUTE
    ..\\..\\Libraries\\seekfree_libraries\\zf_gpio.c 0x00000000   Number         0  zf_gpio.o ABSOLUTE
    ..\\..\\Libraries\\seekfree_libraries\\zf_pit.c 0x00000000   Number         0  zf_pit.o ABSOLUTE
    ..\\..\\Libraries\\seekfree_libraries\\zf_pwm.c 0x00000000   Number         0  zf_pwm.o ABSOLUTE
    ..\\..\\Libraries\\seekfree_libraries\\zf_spi.c 0x00000000   Number         0  zf_spi.o ABSOLUTE
    ..\\..\\Libraries\\seekfree_libraries\\zf_systick.c 0x00000000   Number         0  zf_systick.o ABSOLUTE
    ..\\..\\Libraries\\seekfree_libraries\\zf_tim.c 0x00000000   Number         0  zf_tim.o ABSOLUTE
    ..\\..\\Libraries\\seekfree_libraries\\zf_uart.c 0x00000000   Number         0  zf_uart.o ABSOLUTE
    ..\\..\\Libraries\\seekfree_peripheral\\SEEKFREE_18TFT.c 0x00000000   Number         0  seekfree_18tft.o ABSOLUTE
    ..\\..\\Libraries\\seekfree_peripheral\\SEEKFREE_7725.c 0x00000000   Number         0  seekfree_7725.o ABSOLUTE
    ..\\..\\Libraries\\seekfree_peripheral\\SEEKFREE_ABSOLUTE_ENCODER.c 0x00000000   Number         0  seekfree_absolute_encoder.o ABSOLUTE
    ..\\..\\Libraries\\seekfree_peripheral\\SEEKFREE_FONT.c 0x00000000   Number         0  seekfree_font.o ABSOLUTE
    ..\\..\\Libraries\\seekfree_peripheral\\SEEKFREE_ICM20602.c 0x00000000   Number         0  seekfree_icm20602.o ABSOLUTE
    ..\\..\\Libraries\\seekfree_peripheral\\SEEKFREE_IIC.c 0x00000000   Number         0  seekfree_iic.o ABSOLUTE
    ..\\..\\Libraries\\seekfree_peripheral\\SEEKFREE_IPS114_SPI.c 0x00000000   Number         0  seekfree_ips114_spi.o ABSOLUTE
    ..\\..\\Libraries\\seekfree_peripheral\\SEEKFREE_IPS200_PARALLEL8.c 0x00000000   Number         0  seekfree_ips200_parallel8.o ABSOLUTE
    ..\\..\\Libraries\\seekfree_peripheral\\SEEKFREE_MPU6050.c 0x00000000   Number         0  seekfree_mpu6050.o ABSOLUTE
    ..\\..\\Libraries\\seekfree_peripheral\\SEEKFREE_MT9V03X.c 0x00000000   Number         0  seekfree_mt9v03x.o ABSOLUTE
    ..\\..\\Libraries\\seekfree_peripheral\\SEEKFREE_OLED.c 0x00000000   Number         0  seekfree_oled.o ABSOLUTE
    ..\\..\\Libraries\\seekfree_peripheral\\SEEKFREE_TSL1401.c 0x00000000   Number         0  seekfree_tsl1401.o ABSOLUTE
    ..\\..\\Libraries\\seekfree_peripheral\\SEEKFREE_UART_7725.c 0x00000000   Number         0  seekfree_uart_7725.o ABSOLUTE
    ..\\..\\Libraries\\seekfree_peripheral\\SEEKFREE_VIRSCO.c 0x00000000   Number         0  seekfree_virsco.o ABSOLUTE
    ..\\..\\Libraries\\seekfree_peripheral\\SEEKFREE_WIRELESS.c 0x00000000   Number         0  seekfree_wireless.o ABSOLUTE
    ..\\USER\\src\\Dogcart_Algorithm.c       0x00000000   Number         0  dogcart_algorithm.o ABSOLUTE
    ..\\USER\\src\\Tiny_Module.c             0x00000000   Number         0  tiny_module.o ABSOLUTE
    ..\\USER\\src\\isr.c                     0x00000000   Number         0  isr.o ABSOLUTE
    ..\\USER\\src\\main.c                    0x00000000   Number         0  main.o ABSOLUTE
    cdcmple.s                                0x00000000   Number         0  cdcmple.o ABSOLUTE
    cdrcmple.s                               0x00000000   Number         0  cdrcmple.o ABSOLUTE
    cfcmple.s                                0x00000000   Number         0  cfcmple.o ABSOLUTE
    cfrcmple.s                               0x00000000   Number         0  cfrcmple.o ABSOLUTE
    dc.s                                     0x00000000   Number         0  dc.o ABSOLUTE
    handlers.s                               0x00000000   Number         0  handlers.o ABSOLUTE
    init.s                                   0x00000000   Number         0  init.o ABSOLUTE
    RESET                                    0x08000000   Section      400  startup_mm32f327x_keil.o(RESET)
    .ARM.Collect$$$$00000000                 0x08000190   Section        0  entry.o(.ARM.Collect$$$$00000000)
    .ARM.Collect$$$$00000001                 0x08000190   Section        4  entry2.o(.ARM.Collect$$$$00000001)
    .ARM.Collect$$$$00000004                 0x08000194   Section        4  entry5.o(.ARM.Collect$$$$00000004)
    .ARM.Collect$$$$00000008                 0x08000198   Section        0  entry7b.o(.ARM.Collect$$$$00000008)
    .ARM.Collect$$$$0000000A                 0x08000198   Section        0  entry8b.o(.ARM.Collect$$$$0000000A)
    .ARM.Collect$$$$0000000B                 0x08000198   Section        8  entry9a.o(.ARM.Collect$$$$0000000B)
    .ARM.Collect$$$$0000000D                 0x080001a0   Section        0  entry10a.o(.ARM.Collect$$$$0000000D)
    .ARM.Collect$$$$0000000F                 0x080001a0   Section        0  entry11a.o(.ARM.Collect$$$$0000000F)
    .ARM.Collect$$$$00002712                 0x080001a0   Section        4  entry2.o(.ARM.Collect$$$$00002712)
    __lit__00000000                          0x080001a0   Data           4  entry2.o(.ARM.Collect$$$$00002712)
    .text                                    0x080001a4   Section       36  startup_mm32f327x_keil.o(.text)
    .text                                    0x080001c8   Section        0  fadd.o(.text)
    .text                                    0x08000278   Section        0  fmul.o(.text)
    .text                                    0x080002dc   Section        0  fdiv.o(.text)
    .text                                    0x08000358   Section        0  dadd.o(.text)
    .text                                    0x080004a6   Section        0  dmul.o(.text)
    .text                                    0x0800058a   Section        0  ddiv.o(.text)
    .text                                    0x08000668   Section        0  fflti.o(.text)
    .text                                    0x0800067a   Section        0  ffltui.o(.text)
    .text                                    0x08000684   Section        0  dflti.o(.text)
    .text                                    0x080006a6   Section        0  ffixi.o(.text)
    .text                                    0x080006d8   Section        0  ffixui.o(.text)
    .text                                    0x08000700   Section        0  dfixi.o(.text)
    .text                                    0x0800073e   Section        0  f2d.o(.text)
    .text                                    0x08000764   Section        0  d2f.o(.text)
    .text                                    0x0800079c   Section       20  cfcmple.o(.text)
    .text                                    0x080007b0   Section       20  cfrcmple.o(.text)
    .text                                    0x080007c4   Section        0  llshl.o(.text)
    .text                                    0x080007e2   Section        0  llushr.o(.text)
    .text                                    0x08000802   Section        0  llsshr.o(.text)
    .text                                    0x08000826   Section        0  fepilogue.o(.text)
    .text                                    0x08000826   Section        0  iusefp.o(.text)
    .text                                    0x08000894   Section        0  depilogue.o(.text)
    .text                                    0x0800094e   Section        0  dscalb.o(.text)
    .text                                    0x0800097c   Section       36  init.o(.text)
    .text                                    0x080009a0   Section        0  __dczerorl2.o(.text)
    i.AutoCalPllFactor                       0x080009f6   Section        0  system_mm32f327x.o(i.AutoCalPllFactor)
    i.Branch                                 0x08000a5c   Section        0  dogcart_algorithm.o(i.Branch)
    i.BusFault_Handler                       0x08000b18   Section        0  common.o(i.BusFault_Handler)
    i.ComplementaryFiltering2                0x08000b1c   Section        0  dogcart_algorithm.o(i.ComplementaryFiltering2)
    i.DELAY_xUs                              0x08000d4c   Section        0  system_mm32f327x.o(i.DELAY_xUs)
    DELAY_xUs                                0x08000d4d   Thumb Code    66  system_mm32f327x.o(i.DELAY_xUs)
    i.DMA1_Channel1_IRQHandler               0x08000d8e   Section        0  isr.o(i.DMA1_Channel1_IRQHandler)
    i.DMA1_Channel2_IRQHandler               0x08000da2   Section        0  isr.o(i.DMA1_Channel2_IRQHandler)
    i.DMA1_Channel3_IRQHandler               0x08000db6   Section        0  isr.o(i.DMA1_Channel3_IRQHandler)
    i.DMA1_Channel4_IRQHandler               0x08000dcc   Section        0  isr.o(i.DMA1_Channel4_IRQHandler)
    i.DMA1_Channel5_IRQHandler               0x08000e10   Section        0  isr.o(i.DMA1_Channel5_IRQHandler)
    i.DMA1_Channel6_IRQHandler               0x08000e26   Section        0  isr.o(i.DMA1_Channel6_IRQHandler)
    i.DMA1_Channel7_IRQHandler               0x08000e3c   Section        0  isr.o(i.DMA1_Channel7_IRQHandler)
    i.DMA2_Channel1_IRQHandler               0x08000e54   Section        0  isr.o(i.DMA2_Channel1_IRQHandler)
    i.DMA2_Channel2_IRQHandler               0x08000e6c   Section        0  isr.o(i.DMA2_Channel2_IRQHandler)
    i.DMA2_Channel3_IRQHandler               0x08000e84   Section        0  isr.o(i.DMA2_Channel3_IRQHandler)
    i.DMA2_Channel4_IRQHandler               0x08000e9c   Section        0  isr.o(i.DMA2_Channel4_IRQHandler)
    i.DMA2_Channel5_IRQHandler               0x08000eb4   Section        0  isr.o(i.DMA2_Channel5_IRQHandler)
    i.DMA_ClearFlag                          0x08000ecc   Section        0  hal_dma.o(i.DMA_ClearFlag)
    i.DMA_GetFlagStatus                      0x08000ee8   Section        0  hal_dma.o(i.DMA_GetFlagStatus)
    i.DebugMon_Handler                       0x08000f18   Section        0  common.o(i.DebugMon_Handler)
    i.DetermineDirection                     0x08000f1c   Section        0  dogcart_algorithm.o(i.DetermineDirection)
    i.EXTI0_IRQHandler                       0x08000fd8   Section        0  isr.o(i.EXTI0_IRQHandler)
    i.EXTI15_10_IRQHandler                   0x08000fe4   Section        0  isr.o(i.EXTI15_10_IRQHandler)
    i.EXTI1_IRQHandler                       0x08001074   Section        0  isr.o(i.EXTI1_IRQHandler)
    i.EXTI2_IRQHandler                       0x0800107e   Section        0  isr.o(i.EXTI2_IRQHandler)
    i.EXTI3_IRQHandler                       0x08001088   Section        0  isr.o(i.EXTI3_IRQHandler)
    i.EXTI4_IRQHandler                       0x08001092   Section        0  isr.o(i.EXTI4_IRQHandler)
    i.EXTI9_5_IRQHandler                     0x0800109c   Section        0  isr.o(i.EXTI9_5_IRQHandler)
    i.EXTI_ClearFlag                         0x0800111c   Section        0  hal_exti.o(i.EXTI_ClearFlag)
    i.EXTI_GetITStatus                       0x08001128   Section        0  hal_exti.o(i.EXTI_GetITStatus)
    i.EXTI_Init                              0x08001148   Section        0  hal_exti.o(i.EXTI_Init)
    i.EXTI_LineConfig                        0x08001220   Section        0  hal_exti.o(i.EXTI_LineConfig)
    i.EXTI_StructInit                        0x0800125c   Section        0  hal_exti.o(i.EXTI_StructInit)
    i.GPIO_ResetBits                         0x0800126c   Section        0  hal_gpio.o(i.GPIO_ResetBits)
    i.GPIO_SetBits                           0x08001270   Section        0  hal_gpio.o(i.GPIO_SetBits)
    i.HardFault_Handler                      0x08001274   Section        0  common.o(i.HardFault_Handler)
    i.MemManage_Handler                      0x08001278   Section        0  common.o(i.MemManage_Handler)
    i.MotorCtrl                              0x0800127c   Section        0  tiny_module.o(i.MotorCtrl)
    i.NMI_Handler                            0x080012f0   Section        0  common.o(i.NMI_Handler)
    i.NVIC_Init                              0x080012f4   Section        0  hal_misc.o(i.NVIC_Init)
    i.OutputSpeedControl                     0x08001360   Section        0  dogcart_algorithm.o(i.OutputSpeedControl)
    i.PendSV_Handler                         0x080013f4   Section        0  common.o(i.PendSV_Handler)
    i.SVC_Handler                            0x080013f8   Section        0  common.o(i.SVC_Handler)
    i.SetSysClock                            0x080013fc   Section        0  system_mm32f327x.o(i.SetSysClock)
    SetSysClock                              0x080013fd   Thumb Code    44  system_mm32f327x.o(i.SetSysClock)
    i.SetSysClockToXX                        0x0800142c   Section        0  system_mm32f327x.o(i.SetSysClockToXX)
    SetSysClockToXX                          0x0800142d   Thumb Code   462  system_mm32f327x.o(i.SetSysClockToXX)
    i.SpeedControl                           0x08001620   Section        0  dogcart_algorithm.o(i.SpeedControl)
    i.SystemInit                             0x08001704   Section        0  system_mm32f327x.o(i.SystemInit)
    i.TIM2_IRQHandler                        0x08001768   Section        0  isr.o(i.TIM2_IRQHandler)
    i.TIM6_IRQHandler                        0x080017b4   Section        0  isr.o(i.TIM6_IRQHandler)
    i.TIM7_IRQHandler                        0x08001854   Section        0  isr.o(i.TIM7_IRQHandler)
    i.TIM8_UP_IRQHandler                     0x08001900   Section        0  isr.o(i.TIM8_UP_IRQHandler)
    i.UART1_IRQHandler                       0x08001920   Section        0  isr.o(i.UART1_IRQHandler)
    i.UART2_IRQHandler                       0x0800195c   Section        0  isr.o(i.UART2_IRQHandler)
    i.UART3_IRQHandler                       0x08001998   Section        0  isr.o(i.UART3_IRQHandler)
    i.UART4_IRQHandler                       0x080019d4   Section        0  isr.o(i.UART4_IRQHandler)
    i.UART5_IRQHandler                       0x08001a10   Section        0  isr.o(i.UART5_IRQHandler)
    i.UART6_IRQHandler                       0x08001a44   Section        0  isr.o(i.UART6_IRQHandler)
    i.UART7_IRQHandler                       0x08001a80   Section        0  isr.o(i.UART7_IRQHandler)
    i.UART8_IRQHandler                       0x08001abc   Section        0  isr.o(i.UART8_IRQHandler)
    i.UsageFault_Handler                     0x08001b1c   Section        0  common.o(i.UsageFault_Handler)
    i.__ARM_fpclassify                       0x08001b20   Section        0  fpclassify.o(i.__ARM_fpclassify)
    i.__kernel_poly                          0x08001b48   Section        0  poly.o(i.__kernel_poly)
    i.__mathlib_dbl_infnan                   0x08001bf2   Section        0  dunder.o(i.__mathlib_dbl_infnan)
    i.__mathlib_dbl_underflow                0x08001bf8   Section        0  dunder.o(i.__mathlib_dbl_underflow)
    i.__scatterload_copy                     0x08001c08   Section       14  handlers.o(i.__scatterload_copy)
    i.__scatterload_null                     0x08001c16   Section        2  handlers.o(i.__scatterload_null)
    i.__scatterload_zeroinit                 0x08001c18   Section       14  handlers.o(i.__scatterload_zeroinit)
    i.adc_convert                            0x08001c28   Section        0  zf_adc.o(i.adc_convert)
    i.adc_init                               0x08001c90   Section        0  zf_adc.o(i.adc_init)
    i.adc_mean_filter                        0x08001d94   Section        0  zf_adc.o(i.adc_mean_filter)
    i.adc_pin_init                           0x08001dc0   Section        0  zf_adc.o(i.adc_pin_init)
    adc_pin_init                             0x08001dc1   Thumb Code    26  zf_adc.o(i.adc_pin_init)
    i.afio_init                              0x08001ddc   Section        0  zf_gpio.o(i.afio_init)
    i.atan                                   0x08001ec0   Section        0  atan.o(i.atan)
    i.board_init                             0x080020e0   Section        0  board.o(i.board_init)
    i.directionControl                       0x0800211c   Section        0  dogcart_algorithm.o(i.directionControl)
    i.exti_interrupt_init                    0x08002198   Section        0  zf_exti.o(i.exti_interrupt_init)
    i.first2M                                0x08002270   Section        0  tiny_module.o(i.first2M)
    i.fixedCircle                            0x080022d4   Section        0  dogcart_algorithm.o(i.fixedCircle)
    i.get_icm20602_accdata_spi               0x080023d0   Section        0  seekfree_icm20602.o(i.get_icm20602_accdata_spi)
    i.get_icm20602_gyro_spi                  0x08002424   Section        0  seekfree_icm20602.o(i.get_icm20602_gyro_spi)
    i.gpio_init                              0x08002478   Section        0  zf_gpio.o(i.gpio_init)
    i.icm20602_init_spi                      0x080025c4   Section        0  seekfree_icm20602.o(i.icm20602_init_spi)
    i.icm20602_self3_check                   0x08002660   Section        0  seekfree_icm20602.o(i.icm20602_self3_check)
    icm20602_self3_check                     0x08002661   Thumb Code    32  seekfree_icm20602.o(i.icm20602_self3_check)
    i.icm_spi_r_reg_byte                     0x08002680   Section        0  seekfree_icm20602.o(i.icm_spi_r_reg_byte)
    icm_spi_r_reg_byte                       0x08002681   Thumb Code    72  seekfree_icm20602.o(i.icm_spi_r_reg_byte)
    i.icm_spi_r_reg_bytes                    0x080026cc   Section        0  seekfree_icm20602.o(i.icm_spi_r_reg_bytes)
    icm_spi_r_reg_bytes                      0x080026cd   Thumb Code    52  seekfree_icm20602.o(i.icm_spi_r_reg_bytes)
    i.icm_spi_w_reg_byte                     0x08002704   Section        0  seekfree_icm20602.o(i.icm_spi_w_reg_byte)
    icm_spi_w_reg_byte                       0x08002705   Thumb Code    60  seekfree_icm20602.o(i.icm_spi_w_reg_byte)
    i.main                                   0x08002744   Section        0  main.o(i.main)
    i.mt9v03x_dma                            0x080028b4   Section        0  seekfree_mt9v03x.o(i.mt9v03x_dma)
    i.mt9v03x_uart_callback                  0x080028d4   Section        0  seekfree_mt9v03x.o(i.mt9v03x_uart_callback)
    i.mt9v03x_vsync                          0x08002928   Section        0  seekfree_mt9v03x.o(i.mt9v03x_vsync)
    i.nvic_init                              0x08002940   Section        0  common.o(i.nvic_init)
    i.oled_fill                              0x08002968   Section        0  seekfree_oled.o(i.oled_fill)
    i.oled_init                              0x080029a4   Section        0  seekfree_oled.o(i.oled_init)
    i.oled_p6x8str                           0x08002ad4   Section        0  seekfree_oled.o(i.oled_p6x8str)
    i.oled_set_pos                           0x08002b38   Section        0  seekfree_oled.o(i.oled_set_pos)
    i.oled_wrcmd                             0x08002b5c   Section        0  seekfree_oled.o(i.oled_wrcmd)
    oled_wrcmd                               0x08002b5d   Thumb Code   156  seekfree_oled.o(i.oled_wrcmd)
    i.oled_wrdat                             0x08002bfc   Section        0  seekfree_oled.o(i.oled_wrdat)
    oled_wrdat                               0x08002bfd   Thumb Code   156  seekfree_oled.o(i.oled_wrdat)
    i.ov7725_cof_uart_interrupt              0x08002c9c   Section        0  seekfree_uart_7725.o(i.ov7725_cof_uart_interrupt)
    i.ov7725_dma                             0x08002cf0   Section        0  seekfree_7725.o(i.ov7725_dma)
    i.ov7725_uart_dma                        0x08002d10   Section        0  seekfree_uart_7725.o(i.ov7725_uart_dma)
    i.ov7725_uart_vsync                      0x08002d30   Section        0  seekfree_uart_7725.o(i.ov7725_uart_vsync)
    i.ov7725_vsync                           0x08002d48   Section        0  seekfree_7725.o(i.ov7725_vsync)
    i.pwm_duty_updata                        0x08002d60   Section        0  zf_pwm.o(i.pwm_duty_updata)
    i.pwm_init                               0x08002e10   Section        0  zf_pwm.o(i.pwm_init)
    i.pwm_pin_init                           0x080030b4   Section        0  zf_pwm.o(i.pwm_pin_init)
    pwm_pin_init                             0x080030b5   Thumb Code    20  zf_pwm.o(i.pwm_pin_init)
    i.run                                    0x080030c8   Section        0  dogcart_algorithm.o(i.run)
    i.rushA                                  0x08003290   Section        0  tiny_module.o(i.rushA)
    i.rushB                                  0x080032d0   Section        0  tiny_module.o(i.rushB)
    i.spi_init                               0x0800335c   Section        0  zf_spi.o(i.spi_init)
    i.spi_mosi                               0x0800351c   Section        0  zf_spi.o(i.spi_mosi)
    i.spi_pin_init                           0x0800356c   Section        0  zf_spi.o(i.spi_pin_init)
    spi_pin_init                             0x0800356d   Thumb Code    88  zf_spi.o(i.spi_pin_init)
    i.systick_delay                          0x080035c4   Section        0  zf_systick.o(i.systick_delay)
    i.systick_delay_ms                       0x080035ec   Section        0  zf_systick.o(i.systick_delay_ms)
    i.tim_counter_rst                        0x08003614   Section        0  zf_tim.o(i.tim_counter_rst)
    i.tim_encoder_get_count                  0x08003628   Section        0  zf_tim.o(i.tim_encoder_get_count)
    i.tim_encoder_init                       0x08003640   Section        0  zf_tim.o(i.tim_encoder_init)
    i.tim_encoder_pin_init                   0x08003730   Section        0  zf_tim.o(i.tim_encoder_pin_init)
    tim_encoder_pin_init                     0x08003731   Thumb Code    20  zf_tim.o(i.tim_encoder_pin_init)
    i.tim_interrupt_init_ms                  0x08003744   Section        0  zf_pit.o(i.tim_interrupt_init_ms)
    i.uart_init                              0x0800381c   Section        0  zf_uart.o(i.uart_init)
    i.uart_pin_init                          0x080039b0   Section        0  zf_uart.o(i.uart_pin_init)
    uart_pin_init                            0x080039b1   Thumb Code    36  zf_uart.o(i.uart_pin_init)
    i.uart_putchar                           0x080039d4   Section        0  zf_uart.o(i.uart_putchar)
    i.uart_putstr                            0x080039f4   Section        0  zf_uart.o(i.uart_putstr)
    i.uart_rx_irq                            0x08003a10   Section        0  zf_uart.o(i.uart_rx_irq)
    .constdata                               0x08003a58   Section     7048  seekfree_font.o(.constdata)
    .constdata                               0x080055e0   Section      152  atan.o(.constdata)
    atanhi                                   0x080055e0   Data          32  atan.o(.constdata)
    atanlo                                   0x08005600   Data          32  atan.o(.constdata)
    aTodd                                    0x08005620   Data          40  atan.o(.constdata)
    aTeven                                   0x08005648   Data          48  atan.o(.constdata)
    .data                                    0x20000000   Section      277  dogcart_algorithm.o(.data)
    .data                                    0x20000118   Section        8  common.o(.data)
    .data                                    0x20000120   Section       20  system_mm32f327x.o(.data)
    .data                                    0x20000134   Section       15  zf_adc.o(.data)
    .data                                    0x20000144   Section       32  zf_gpio.o(.data)
    .data                                    0x20000164   Section       12  zf_spi.o(.data)
    .data                                    0x20000170   Section       32  zf_tim.o(.data)
    .data                                    0x20000190   Section       40  zf_uart.o(.data)
    .data                                    0x200001b8   Section        4  seekfree_7725.o(.data)
    ov7725_simiic_delay_time                 0x200001ba   Data           2  seekfree_7725.o(.data)
    .data                                    0x200001bc   Section       12  seekfree_icm20602.o(.data)
    .data                                    0x200001c8   Section       74  seekfree_mt9v03x.o(.data)
    receive                                  0x200001c9   Data           3  seekfree_mt9v03x.o(.data)
    receive_num                              0x200001cc   Data           1  seekfree_mt9v03x.o(.data)
    uart_receive_flag                        0x200001cd   Data           1  seekfree_mt9v03x.o(.data)
    .data                                    0x20000212   Section       51  seekfree_uart_7725.o(.data)
    ov7725_uart_receive                      0x20000240   Data           3  seekfree_uart_7725.o(.data)
    ov7725_uart_receive_num                  0x20000243   Data           1  seekfree_uart_7725.o(.data)
    ov7725_uart_receive_flag                 0x20000244   Data           1  seekfree_uart_7725.o(.data)
    .bss                                     0x20000248   Section       32  zf_pwm.o(.bss)
    STACK                                    0x20000268   Section     8192  startup_mm32f327x_keil.o(STACK)

    Global Symbols

    Symbol Name                              Value     Ov Type        Size  Object(Section)

    BuildAttributes$$THM_ISAv4$P$D$K$B$S$PE$A:L22UL41UL21$X:L11$S22US41US21$IEEE1$IW$USESV6$~STKCKD$USESV7$~SHL$OTIME$ROPI$IEEEX$EBA8$MICROLIB$REQ8$PRES8$EABIv2 0x00000000   Number         0  anon$$obj.o ABSOLUTE
    __ARM_use_no_argv                        0x00000000   Number         0  main.o ABSOLUTE
    _printf_a                                0x00000000   Number         0  stubs.o ABSOLUTE
    _printf_c                                0x00000000   Number         0  stubs.o ABSOLUTE
    _printf_charcount                        0x00000000   Number         0  stubs.o ABSOLUTE
    _printf_d                                0x00000000   Number         0  stubs.o ABSOLUTE
    _printf_e                                0x00000000   Number         0  stubs.o ABSOLUTE
    _printf_f                                0x00000000   Number         0  stubs.o ABSOLUTE
    _printf_flags                            0x00000000   Number         0  stubs.o ABSOLUTE
    _printf_fp_dec                           0x00000000   Number         0  stubs.o ABSOLUTE
    _printf_fp_hex                           0x00000000   Number         0  stubs.o ABSOLUTE
    _printf_g                                0x00000000   Number         0  stubs.o ABSOLUTE
    _printf_i                                0x00000000   Number         0  stubs.o ABSOLUTE
    _printf_int_dec                          0x00000000   Number         0  stubs.o ABSOLUTE
    _printf_l                                0x00000000   Number         0  stubs.o ABSOLUTE
    _printf_lc                               0x00000000   Number         0  stubs.o ABSOLUTE
    _printf_ll                               0x00000000   Number         0  stubs.o ABSOLUTE
    _printf_lld                              0x00000000   Number         0  stubs.o ABSOLUTE
    _printf_lli                              0x00000000   Number         0  stubs.o ABSOLUTE
    _printf_llo                              0x00000000   Number         0  stubs.o ABSOLUTE
    _printf_llu                              0x00000000   Number         0  stubs.o ABSOLUTE
    _printf_llx                              0x00000000   Number         0  stubs.o ABSOLUTE
    _printf_longlong_dec                     0x00000000   Number         0  stubs.o ABSOLUTE
    _printf_longlong_hex                     0x00000000   Number         0  stubs.o ABSOLUTE
    _printf_longlong_oct                     0x00000000   Number         0  stubs.o ABSOLUTE
    _printf_ls                               0x00000000   Number         0  stubs.o ABSOLUTE
    _printf_mbtowc                           0x00000000   Number         0  stubs.o ABSOLUTE
    _printf_n                                0x00000000   Number         0  stubs.o ABSOLUTE
    _printf_o                                0x00000000   Number         0  stubs.o ABSOLUTE
    _printf_p                                0x00000000   Number         0  stubs.o ABSOLUTE
    _printf_percent                          0x00000000   Number         0  stubs.o ABSOLUTE
    _printf_pre_padding                      0x00000000   Number         0  stubs.o ABSOLUTE
    _printf_return_value                     0x00000000   Number         0  stubs.o ABSOLUTE
    _printf_s                                0x00000000   Number         0  stubs.o ABSOLUTE
    _printf_sizespec                         0x00000000   Number         0  stubs.o ABSOLUTE
    _printf_str                              0x00000000   Number         0  stubs.o ABSOLUTE
    _printf_truncate_signed                  0x00000000   Number         0  stubs.o ABSOLUTE
    _printf_truncate_unsigned                0x00000000   Number         0  stubs.o ABSOLUTE
    _printf_u                                0x00000000   Number         0  stubs.o ABSOLUTE
    _printf_wc                               0x00000000   Number         0  stubs.o ABSOLUTE
    _printf_wctomb                           0x00000000   Number         0  stubs.o ABSOLUTE
    _printf_widthprec                        0x00000000   Number         0  stubs.o ABSOLUTE
    _printf_x                                0x00000000   Number         0  stubs.o ABSOLUTE
    __cpp_initialize__aeabi_                  - Undefined Weak Reference
    __cxa_finalize                            - Undefined Weak Reference
    _clock_init                               - Undefined Weak Reference
    _microlib_exit                            - Undefined Weak Reference
    __Vectors_Size                           0x00000190   Number         0  startup_mm32f327x_keil.o ABSOLUTE
    __Vectors                                0x08000000   Data           4  startup_mm32f327x_keil.o(RESET)
    __Vectors_End                            0x08000190   Data           0  startup_mm32f327x_keil.o(RESET)
    __main                                   0x08000191   Thumb Code     0  entry.o(.ARM.Collect$$$$00000000)
    _main_stk                                0x08000191   Thumb Code     0  entry2.o(.ARM.Collect$$$$00000001)
    _main_scatterload                        0x08000195   Thumb Code     0  entry5.o(.ARM.Collect$$$$00000004)
    __main_after_scatterload                 0x08000199   Thumb Code     0  entry5.o(.ARM.Collect$$$$00000004)
    _main_clock                              0x08000199   Thumb Code     0  entry7b.o(.ARM.Collect$$$$00000008)
    _main_cpp_init                           0x08000199   Thumb Code     0  entry8b.o(.ARM.Collect$$$$0000000A)
    _main_init                               0x08000199   Thumb Code     0  entry9a.o(.ARM.Collect$$$$0000000B)
    __rt_final_cpp                           0x080001a1   Thumb Code     0  entry10a.o(.ARM.Collect$$$$0000000D)
    __rt_final_exit                          0x080001a1   Thumb Code     0  entry11a.o(.ARM.Collect$$$$0000000F)
    Reset_Handler                            0x080001a5   Thumb Code     8  startup_mm32f327x_keil.o(.text)
    SysTick_Handler                          0x080001bd   Thumb Code     2  startup_mm32f327x_keil.o(.text)
    ADC1_2_IRQHandler                        0x080001bf   Thumb Code     0  startup_mm32f327x_keil.o(.text)
    ADC3_IRQHandler                          0x080001bf   Thumb Code     0  startup_mm32f327x_keil.o(.text)
    CAN1_RX_IRQHandler                       0x080001bf   Thumb Code     0  startup_mm32f327x_keil.o(.text)
    COMP1_2_IRQHandler                       0x080001bf   Thumb Code     0  startup_mm32f327x_keil.o(.text)
    ETH_IRQHandler                           0x080001bf   Thumb Code     0  startup_mm32f327x_keil.o(.text)
    FLASH_IRQHandler                         0x080001bf   Thumb Code     0  startup_mm32f327x_keil.o(.text)
    FlashCache_IRQHandler                    0x080001bf   Thumb Code     0  startup_mm32f327x_keil.o(.text)
    I2C1_IRQHandler                          0x080001bf   Thumb Code     0  startup_mm32f327x_keil.o(.text)
    I2C2_IRQHandler                          0x080001bf   Thumb Code     0  startup_mm32f327x_keil.o(.text)
    OTG_FS_IRQHandler                        0x080001bf   Thumb Code     0  startup_mm32f327x_keil.o(.text)
    OTG_FS_WKUP_IRQHandler                   0x080001bf   Thumb Code     0  startup_mm32f327x_keil.o(.text)
    PVD_IRQHandler                           0x080001bf   Thumb Code     0  startup_mm32f327x_keil.o(.text)
    RCC_CRS_IRQHandler                       0x080001bf   Thumb Code     0  startup_mm32f327x_keil.o(.text)
    RTCAlarm_IRQHandler                      0x080001bf   Thumb Code     0  startup_mm32f327x_keil.o(.text)
    RTC_IRQHandler                           0x080001bf   Thumb Code     0  startup_mm32f327x_keil.o(.text)
    SDIO_IRQHandler                          0x080001bf   Thumb Code     0  startup_mm32f327x_keil.o(.text)
    SPI1_IRQHandler                          0x080001bf   Thumb Code     0  startup_mm32f327x_keil.o(.text)
    SPI2_IRQHandler                          0x080001bf   Thumb Code     0  startup_mm32f327x_keil.o(.text)
    SPI3_IRQHandler                          0x080001bf   Thumb Code     0  startup_mm32f327x_keil.o(.text)
    TAMPER_IRQHandler                        0x080001bf   Thumb Code     0  startup_mm32f327x_keil.o(.text)
    TIM1_BRK_IRQHandler                      0x080001bf   Thumb Code     0  startup_mm32f327x_keil.o(.text)
    TIM1_CC_IRQHandler                       0x080001bf   Thumb Code     0  startup_mm32f327x_keil.o(.text)
    TIM1_TRG_COM_IRQHandler                  0x080001bf   Thumb Code     0  startup_mm32f327x_keil.o(.text)
    TIM1_UP_IRQHandler                       0x080001bf   Thumb Code     0  startup_mm32f327x_keil.o(.text)
    TIM3_IRQHandler                          0x080001bf   Thumb Code     0  startup_mm32f327x_keil.o(.text)
    TIM4_IRQHandler                          0x080001bf   Thumb Code     0  startup_mm32f327x_keil.o(.text)
    TIM5_IRQHandler                          0x080001bf   Thumb Code     0  startup_mm32f327x_keil.o(.text)
    TIM8_BRK_IRQHandler                      0x080001bf   Thumb Code     0  startup_mm32f327x_keil.o(.text)
    TIM8_CC_IRQHandler                       0x080001bf   Thumb Code     0  startup_mm32f327x_keil.o(.text)
    TIM8_TRG_COM_IRQHandler                  0x080001bf   Thumb Code     0  startup_mm32f327x_keil.o(.text)
    WWDG_IRQHandler                          0x080001bf   Thumb Code     0  startup_mm32f327x_keil.o(.text)
    __aeabi_fadd                             0x080001c9   Thumb Code   164  fadd.o(.text)
    __aeabi_fsub                             0x0800026d   Thumb Code     6  fadd.o(.text)
    __aeabi_frsub                            0x08000273   Thumb Code     6  fadd.o(.text)
    __aeabi_fmul                             0x08000279   Thumb Code   100  fmul.o(.text)
    __aeabi_fdiv                             0x080002dd   Thumb Code   124  fdiv.o(.text)
    __aeabi_dadd                             0x08000359   Thumb Code   322  dadd.o(.text)
    __aeabi_dsub                             0x0800049b   Thumb Code     6  dadd.o(.text)
    __aeabi_drsub                            0x080004a1   Thumb Code     6  dadd.o(.text)
    __aeabi_dmul                             0x080004a7   Thumb Code   228  dmul.o(.text)
    __aeabi_ddiv                             0x0800058b   Thumb Code   222  ddiv.o(.text)
    __aeabi_i2f                              0x08000669   Thumb Code    18  fflti.o(.text)
    __aeabi_ui2f                             0x0800067b   Thumb Code    10  ffltui.o(.text)
    __aeabi_i2d                              0x08000685   Thumb Code    34  dflti.o(.text)
    __aeabi_f2iz                             0x080006a7   Thumb Code    50  ffixi.o(.text)
    __aeabi_f2uiz                            0x080006d9   Thumb Code    40  ffixui.o(.text)
    __aeabi_d2iz                             0x08000701   Thumb Code    62  dfixi.o(.text)
    __aeabi_f2d                              0x0800073f   Thumb Code    38  f2d.o(.text)
    __aeabi_d2f                              0x08000765   Thumb Code    56  d2f.o(.text)
    __aeabi_cfcmpeq                          0x0800079d   Thumb Code     0  cfcmple.o(.text)
    __aeabi_cfcmple                          0x0800079d   Thumb Code    20  cfcmple.o(.text)
    __aeabi_cfrcmple                         0x080007b1   Thumb Code    20  cfrcmple.o(.text)
    __aeabi_llsl                             0x080007c5   Thumb Code    30  llshl.o(.text)
    _ll_shift_l                              0x080007c5   Thumb Code     0  llshl.o(.text)
    __aeabi_llsr                             0x080007e3   Thumb Code    32  llushr.o(.text)
    _ll_ushift_r                             0x080007e3   Thumb Code     0  llushr.o(.text)
    __aeabi_lasr                             0x08000803   Thumb Code    36  llsshr.o(.text)
    _ll_sshift_r                             0x08000803   Thumb Code     0  llsshr.o(.text)
    __I$use$fp                               0x08000827   Thumb Code     0  iusefp.o(.text)
    _float_round                             0x08000827   Thumb Code    18  fepilogue.o(.text)
    _float_epilogue                          0x08000839   Thumb Code    92  fepilogue.o(.text)
    _double_round                            0x08000895   Thumb Code    30  depilogue.o(.text)
    _double_epilogue                         0x080008b3   Thumb Code   156  depilogue.o(.text)
    __ARM_scalbn                             0x0800094f   Thumb Code    46  dscalb.o(.text)
    scalbn                                   0x0800094f   Thumb Code     0  dscalb.o(.text)
    __scatterload                            0x0800097d   Thumb Code    28  init.o(.text)
    __scatterload_rt2                        0x0800097d   Thumb Code     0  init.o(.text)
    __decompress                             0x080009a1   Thumb Code     0  __dczerorl2.o(.text)
    __decompress1                            0x080009a1   Thumb Code    86  __dczerorl2.o(.text)
    AutoCalPllFactor                         0x080009f7   Thumb Code   102  system_mm32f327x.o(i.AutoCalPllFactor)
    Branch                                   0x08000a5d   Thumb Code   138  dogcart_algorithm.o(i.Branch)
    BusFault_Handler                         0x08000b19   Thumb Code     4  common.o(i.BusFault_Handler)
    ComplementaryFiltering2                  0x08000b1d   Thumb Code   460  dogcart_algorithm.o(i.ComplementaryFiltering2)
    DMA1_Channel1_IRQHandler                 0x08000d8f   Thumb Code    20  isr.o(i.DMA1_Channel1_IRQHandler)
    DMA1_Channel2_IRQHandler                 0x08000da3   Thumb Code    20  isr.o(i.DMA1_Channel2_IRQHandler)
    DMA1_Channel3_IRQHandler                 0x08000db7   Thumb Code    22  isr.o(i.DMA1_Channel3_IRQHandler)
    DMA1_Channel4_IRQHandler                 0x08000dcd   Thumb Code    62  isr.o(i.DMA1_Channel4_IRQHandler)
    DMA1_Channel5_IRQHandler                 0x08000e11   Thumb Code    22  isr.o(i.DMA1_Channel5_IRQHandler)
    DMA1_Channel6_IRQHandler                 0x08000e27   Thumb Code    22  isr.o(i.DMA1_Channel6_IRQHandler)
    DMA1_Channel7_IRQHandler                 0x08000e3d   Thumb Code    22  isr.o(i.DMA1_Channel7_IRQHandler)
    DMA2_Channel1_IRQHandler                 0x08000e55   Thumb Code    20  isr.o(i.DMA2_Channel1_IRQHandler)
    DMA2_Channel2_IRQHandler                 0x08000e6d   Thumb Code    20  isr.o(i.DMA2_Channel2_IRQHandler)
    DMA2_Channel3_IRQHandler                 0x08000e85   Thumb Code    20  isr.o(i.DMA2_Channel3_IRQHandler)
    DMA2_Channel4_IRQHandler                 0x08000e9d   Thumb Code    20  isr.o(i.DMA2_Channel4_IRQHandler)
    DMA2_Channel5_IRQHandler                 0x08000eb5   Thumb Code    20  isr.o(i.DMA2_Channel5_IRQHandler)
    DMA_ClearFlag                            0x08000ecd   Thumb Code    20  hal_dma.o(i.DMA_ClearFlag)
    DMA_GetFlagStatus                        0x08000ee9   Thumb Code    40  hal_dma.o(i.DMA_GetFlagStatus)
    DebugMon_Handler                         0x08000f19   Thumb Code     4  common.o(i.DebugMon_Handler)
    DetermineDirection                       0x08000f1d   Thumb Code   140  dogcart_algorithm.o(i.DetermineDirection)
    EXTI0_IRQHandler                         0x08000fd9   Thumb Code    10  isr.o(i.EXTI0_IRQHandler)
    EXTI15_10_IRQHandler                     0x08000fe5   Thumb Code   140  isr.o(i.EXTI15_10_IRQHandler)
    EXTI1_IRQHandler                         0x08001075   Thumb Code    10  isr.o(i.EXTI1_IRQHandler)
    EXTI2_IRQHandler                         0x0800107f   Thumb Code    10  isr.o(i.EXTI2_IRQHandler)
    EXTI3_IRQHandler                         0x08001089   Thumb Code    10  isr.o(i.EXTI3_IRQHandler)
    EXTI4_IRQHandler                         0x08001093   Thumb Code    10  isr.o(i.EXTI4_IRQHandler)
    EXTI9_5_IRQHandler                       0x0800109d   Thumb Code   122  isr.o(i.EXTI9_5_IRQHandler)
    EXTI_ClearFlag                           0x0800111d   Thumb Code     6  hal_exti.o(i.EXTI_ClearFlag)
    EXTI_GetITStatus                         0x08001129   Thumb Code    28  hal_exti.o(i.EXTI_GetITStatus)
    EXTI_Init                                0x08001149   Thumb Code   210  hal_exti.o(i.EXTI_Init)
    EXTI_LineConfig                          0x08001221   Thumb Code    56  hal_exti.o(i.EXTI_LineConfig)
    EXTI_StructInit                          0x0800125d   Thumb Code    16  hal_exti.o(i.EXTI_StructInit)
    GPIO_ResetBits                           0x0800126d   Thumb Code     4  hal_gpio.o(i.GPIO_ResetBits)
    GPIO_SetBits                             0x08001271   Thumb Code     4  hal_gpio.o(i.GPIO_SetBits)
    HardFault_Handler                        0x08001275   Thumb Code     4  common.o(i.HardFault_Handler)
    MemManage_Handler                        0x08001279   Thumb Code     4  common.o(i.MemManage_Handler)
    MotorCtrl                                0x0800127d   Thumb Code   116  tiny_module.o(i.MotorCtrl)
    NMI_Handler                              0x080012f1   Thumb Code     4  common.o(i.NMI_Handler)
    NVIC_Init                                0x080012f5   Thumb Code    96  hal_misc.o(i.NVIC_Init)
    OutputSpeedControl                       0x08001361   Thumb Code   124  dogcart_algorithm.o(i.OutputSpeedControl)
    PendSV_Handler                           0x080013f5   Thumb Code     4  common.o(i.PendSV_Handler)
    SVC_Handler                              0x080013f9   Thumb Code     4  common.o(i.SVC_Handler)
    SpeedControl                             0x08001621   Thumb Code   176  dogcart_algorithm.o(i.SpeedControl)
    SystemInit                               0x08001705   Thumb Code    82  system_mm32f327x.o(i.SystemInit)
    TIM2_IRQHandler                          0x08001769   Thumb Code    54  isr.o(i.TIM2_IRQHandler)
    TIM6_IRQHandler                          0x080017b5   Thumb Code   134  isr.o(i.TIM6_IRQHandler)
    TIM7_IRQHandler                          0x08001855   Thumb Code   140  isr.o(i.TIM7_IRQHandler)
    TIM8_UP_IRQHandler                       0x08001901   Thumb Code    28  isr.o(i.TIM8_UP_IRQHandler)
    UART1_IRQHandler                         0x08001921   Thumb Code    54  isr.o(i.UART1_IRQHandler)
    UART2_IRQHandler                         0x0800195d   Thumb Code    54  isr.o(i.UART2_IRQHandler)
    UART3_IRQHandler                         0x08001999   Thumb Code    54  isr.o(i.UART3_IRQHandler)
    UART4_IRQHandler                         0x080019d5   Thumb Code    54  isr.o(i.UART4_IRQHandler)
    UART5_IRQHandler                         0x08001a11   Thumb Code    46  isr.o(i.UART5_IRQHandler)
    UART6_IRQHandler                         0x08001a45   Thumb Code    54  isr.o(i.UART6_IRQHandler)
    UART7_IRQHandler                         0x08001a81   Thumb Code    54  isr.o(i.UART7_IRQHandler)
    UART8_IRQHandler                         0x08001abd   Thumb Code    86  isr.o(i.UART8_IRQHandler)
    UsageFault_Handler                       0x08001b1d   Thumb Code     4  common.o(i.UsageFault_Handler)
    __ARM_fpclassify                         0x08001b21   Thumb Code    40  fpclassify.o(i.__ARM_fpclassify)
    __kernel_poly                            0x08001b49   Thumb Code   170  poly.o(i.__kernel_poly)
    __mathlib_dbl_infnan                     0x08001bf3   Thumb Code     6  dunder.o(i.__mathlib_dbl_infnan)
    __mathlib_dbl_underflow                  0x08001bf9   Thumb Code    10  dunder.o(i.__mathlib_dbl_underflow)
    __scatterload_copy                       0x08001c09   Thumb Code    14  handlers.o(i.__scatterload_copy)
    __scatterload_null                       0x08001c17   Thumb Code     2  handlers.o(i.__scatterload_null)
    __scatterload_zeroinit                   0x08001c19   Thumb Code    14  handlers.o(i.__scatterload_zeroinit)
    adc_convert                              0x08001c29   Thumb Code    96  zf_adc.o(i.adc_convert)
    adc_init                                 0x08001c91   Thumb Code   246  zf_adc.o(i.adc_init)
    adc_mean_filter                          0x08001d95   Thumb Code    44  zf_adc.o(i.adc_mean_filter)
    afio_init                                0x08001ddd   Thumb Code   218  zf_gpio.o(i.afio_init)
    atan                                     0x08001ec1   Thumb Code   474  atan.o(i.atan)
    board_init                               0x080020e1   Thumb Code    52  board.o(i.board_init)
    directionControl                         0x0800211d   Thumb Code   100  dogcart_algorithm.o(i.directionControl)
    exti_interrupt_init                      0x08002199   Thumb Code   212  zf_exti.o(i.exti_interrupt_init)
    first2M                                  0x08002271   Thumb Code    70  tiny_module.o(i.first2M)
    fixedCircle                              0x080022d5   Thumb Code   212  dogcart_algorithm.o(i.fixedCircle)
    get_icm20602_accdata_spi                 0x080023d1   Thumb Code    72  seekfree_icm20602.o(i.get_icm20602_accdata_spi)
    get_icm20602_gyro_spi                    0x08002425   Thumb Code    72  seekfree_icm20602.o(i.get_icm20602_gyro_spi)
    gpio_init                                0x08002479   Thumb Code   322  zf_gpio.o(i.gpio_init)
    icm20602_init_spi                        0x080025c5   Thumb Code   150  seekfree_icm20602.o(i.icm20602_init_spi)
    main                                     0x08002745   Thumb Code   356  main.o(i.main)
    mt9v03x_dma                              0x080028b5   Thumb Code    22  seekfree_mt9v03x.o(i.mt9v03x_dma)
    mt9v03x_uart_callback                    0x080028d5   Thumb Code    66  seekfree_mt9v03x.o(i.mt9v03x_uart_callback)
    mt9v03x_vsync                            0x08002929   Thumb Code    20  seekfree_mt9v03x.o(i.mt9v03x_vsync)
    nvic_init                                0x08002941   Thumb Code    40  common.o(i.nvic_init)
    oled_fill                                0x08002969   Thumb Code    58  seekfree_oled.o(i.oled_fill)
    oled_init                                0x080029a5   Thumb Code   300  seekfree_oled.o(i.oled_init)
    oled_p6x8str                             0x08002ad5   Thumb Code    96  seekfree_oled.o(i.oled_p6x8str)
    oled_set_pos                             0x08002b39   Thumb Code    36  seekfree_oled.o(i.oled_set_pos)
    ov7725_cof_uart_interrupt                0x08002c9d   Thumb Code    66  seekfree_uart_7725.o(i.ov7725_cof_uart_interrupt)
    ov7725_dma                               0x08002cf1   Thumb Code    22  seekfree_7725.o(i.ov7725_dma)
    ov7725_uart_dma                          0x08002d11   Thumb Code    22  seekfree_uart_7725.o(i.ov7725_uart_dma)
    ov7725_uart_vsync                        0x08002d31   Thumb Code    20  seekfree_uart_7725.o(i.ov7725_uart_vsync)
    ov7725_vsync                             0x08002d49   Thumb Code    20  seekfree_7725.o(i.ov7725_vsync)
    pwm_duty_updata                          0x08002d61   Thumb Code   168  zf_pwm.o(i.pwm_duty_updata)
    pwm_init                                 0x08002e11   Thumb Code   654  zf_pwm.o(i.pwm_init)
    run                                      0x080030c9   Thumb Code   378  dogcart_algorithm.o(i.run)
    rushA                                    0x08003291   Thumb Code    46  tiny_module.o(i.rushA)
    rushB                                    0x080032d1   Thumb Code   114  tiny_module.o(i.rushB)
    spi_init                                 0x0800335d   Thumb Code   434  zf_spi.o(i.spi_init)
    spi_mosi                                 0x0800351d   Thumb Code    76  zf_spi.o(i.spi_mosi)
    systick_delay                            0x080035c5   Thumb Code    38  zf_systick.o(i.systick_delay)
    systick_delay_ms                         0x080035ed   Thumb Code    34  zf_systick.o(i.systick_delay_ms)
    tim_counter_rst                          0x08003615   Thumb Code    16  zf_tim.o(i.tim_counter_rst)
    tim_encoder_get_count                    0x08003629   Thumb Code    18  zf_tim.o(i.tim_encoder_get_count)
    tim_encoder_init                         0x08003641   Thumb Code   232  zf_tim.o(i.tim_encoder_init)
    tim_interrupt_init_ms                    0x08003745   Thumb Code   196  zf_pit.o(i.tim_interrupt_init_ms)
    uart_init                                0x0800381d   Thumb Code   392  zf_uart.o(i.uart_init)
    uart_putchar                             0x080039d5   Thumb Code    28  zf_uart.o(i.uart_putchar)
    uart_putstr                              0x080039f5   Thumb Code    26  zf_uart.o(i.uart_putstr)
    uart_rx_irq                              0x08003a11   Thumb Code    64  zf_uart.o(i.uart_rx_irq)
    tft_ascii                                0x08003a58   Data        1520  seekfree_font.o(.constdata)
    gImage_qq                                0x08004048   Data        3200  seekfree_font.o(.constdata)
    chinese_test                             0x08004cc8   Data         128  seekfree_font.o(.constdata)
    oled_6x8                                 0x08004d48   Data         552  seekfree_font.o(.constdata)
    oled_8x16                                0x08004f70   Data        1520  seekfree_font.o(.constdata)
    oled_16x16_chinese                       0x08005560   Data         128  seekfree_font.o(.constdata)
    Region$$Table$$Base                      0x08005678   Number         0  anon$$obj.o(Region$$Table)
    Region$$Table$$Limit                     0x08005698   Number         0  anon$$obj.o(Region$$Table)
    lap_length                               0x20000000   Data           8  dogcart_algorithm.o(.data)
    P_angle                                  0x20000008   Data           4  dogcart_algorithm.o(.data)
    D_angle                                  0x2000000c   Data           4  dogcart_algorithm.o(.data)
    P_direction                              0x20000010   Data           4  dogcart_algorithm.o(.data)
    D_direction                              0x20000014   Data           4  dogcart_algorithm.o(.data)
    P_speed                                  0x20000018   Data           4  dogcart_algorithm.o(.data)
    I_speed                                  0x2000001c   Data           4  dogcart_algorithm.o(.data)
    Threshold_derailment                     0x20000020   Data           4  dogcart_algorithm.o(.data)
    Threshold_branch                         0x20000024   Data           4  dogcart_algorithm.o(.data)
    Threshold_circle                         0x20000028   Data           4  dogcart_algorithm.o(.data)
    Flag_derailment                          0x2000002c   Data           1  dogcart_algorithm.o(.data)
    Flag_branch                              0x2000002d   Data           1  dogcart_algorithm.o(.data)
    Flag_branch_number                       0x2000002e   Data           1  dogcart_algorithm.o(.data)
    Flag_circle                              0x2000002f   Data           1  dogcart_algorithm.o(.data)
    Flag_circle_number                       0x20000030   Data           1  dogcart_algorithm.o(.data)
    Flag_dirPID                              0x20000031   Data           1  dogcart_algorithm.o(.data)
    Flag_turn                                0x20000032   Data           1  dogcart_algorithm.o(.data)
    angleControlOut                          0x20000034   Data           4  dogcart_algorithm.o(.data)
    angle_balance                            0x20000038   Data           4  dogcart_algorithm.o(.data)
    acc_x                                    0x2000003c   Data           4  dogcart_algorithm.o(.data)
    acc_z                                    0x20000040   Data           4  dogcart_algorithm.o(.data)
    gyro_y                                   0x20000044   Data           4  dogcart_algorithm.o(.data)
    gyro_z                                   0x20000048   Data           4  dogcart_algorithm.o(.data)
    angle_z                                  0x2000004c   Data           4  dogcart_algorithm.o(.data)
    angle_Filtering                          0x20000050   Data           4  dogcart_algorithm.o(.data)
    angle_acc                                0x20000054   Data           4  dogcart_algorithm.o(.data)
    angle_gyro                               0x20000058   Data           4  dogcart_algorithm.o(.data)
    err_angle                                0x2000005c   Data           4  dogcart_algorithm.o(.data)
    anglespeed                               0x20000060   Data           4  dogcart_algorithm.o(.data)
    dtt                                      0x20000064   Data           4  dogcart_algorithm.o(.data)
    K1                                       0x20000068   Data           4  dogcart_algorithm.o(.data)
    K2                                       0x2000006c   Data           4  dogcart_algorithm.o(.data)
    x1                                       0x20000070   Data           4  dogcart_algorithm.o(.data)
    x2                                       0x20000074   Data           4  dogcart_algorithm.o(.data)
    y1                                       0x20000078   Data           4  dogcart_algorithm.o(.data)
    setSpeed                                 0x2000007c   Data           4  dogcart_algorithm.o(.data)
    gear                                     0x20000080   Data          16  dogcart_algorithm.o(.data)
    actualSpeed                              0x20000090   Data           4  dogcart_algorithm.o(.data)
    speedControlOutNew                       0x20000094   Data           4  dogcart_algorithm.o(.data)
    speedControlOutOld                       0x20000098   Data           4  dogcart_algorithm.o(.data)
    speedIntegral                            0x2000009c   Data           4  dogcart_algorithm.o(.data)
    speedControlOut                          0x200000a0   Data           4  dogcart_algorithm.o(.data)
    speedControlPeriod                       0x200000a4   Data           4  dogcart_algorithm.o(.data)
    speed_Left                               0x200000a8   Data           4  dogcart_algorithm.o(.data)
    speed_Right                              0x200000ac   Data           4  dogcart_algorithm.o(.data)
    err_speed                                0x200000b0   Data           4  dogcart_algorithm.o(.data)
    Vol_left1_actual                         0x200000b4   Data           2  dogcart_algorithm.o(.data)
    Vol_right1_actual                        0x200000b6   Data           2  dogcart_algorithm.o(.data)
    Vol_left2_actual                         0x200000b8   Data           2  dogcart_algorithm.o(.data)
    Vol_right2_actual                        0x200000ba   Data           2  dogcart_algorithm.o(.data)
    Vol_mid_actual                           0x200000bc   Data           2  dogcart_algorithm.o(.data)
    BiasIndActual                            0x200000c0   Data           8  dogcart_algorithm.o(.data)
    BiasIndActual_last                       0x200000c8   Data           8  dogcart_algorithm.o(.data)
    dvar                                     0x200000d0   Data           8  dogcart_algorithm.o(.data)
    dirControlOut                            0x200000d8   Data           4  dogcart_algorithm.o(.data)
    dirOut                                   0x200000dc   Data           4  dogcart_algorithm.o(.data)
    w                                        0x200000e0   Data           4  dogcart_algorithm.o(.data)
    duty_death_left_P                        0x200000e4   Data           4  dogcart_algorithm.o(.data)
    duty_death_right_P                       0x200000e8   Data           4  dogcart_algorithm.o(.data)
    duty_death_left_N                        0x200000ec   Data           4  dogcart_algorithm.o(.data)
    duty_death_right_N                       0x200000f0   Data           4  dogcart_algorithm.o(.data)
    duty_Max_P                               0x200000f4   Data           4  dogcart_algorithm.o(.data)
    duty_Max_N                               0x200000f8   Data           4  dogcart_algorithm.o(.data)
    duty_Left                                0x200000fc   Data           4  dogcart_algorithm.o(.data)
    duty_Right                               0x20000100   Data           4  dogcart_algorithm.o(.data)
    Encoder_accumulate                       0x20000104   Data           4  dogcart_algorithm.o(.data)
    Encoder_total                            0x20000108   Data           8  dogcart_algorithm.o(.data)
    time_accumulate                          0x20000110   Data           4  dogcart_algorithm.o(.data)
    signal                                   0x20000114   Data           1  dogcart_algorithm.o(.data)
    camera_type                              0x20000118   Data           1  common.o(.data)
    camera_buffer_addr                       0x2000011c   Data           4  common.o(.data)
    SystemCoreClock                          0x20000120   Data           4  system_mm32f327x.o(.data)
    AHBPrescTable                            0x20000124   Data          16  system_mm32f327x.o(.data)
    adc_index                                0x20000134   Data          12  zf_adc.o(.data)
    adc_resolution                           0x20000140   Data           3  zf_adc.o(.data)
    gpio_group                               0x20000144   Data          32  zf_gpio.o(.data)
    spi_index                                0x20000164   Data          12  zf_spi.o(.data)
    tim_index                                0x20000170   Data          32  zf_tim.o(.data)
    uart_index                               0x20000190   Data          32  zf_uart.o(.data)
    uart_irq                                 0x200001b0   Data           8  zf_uart.o(.data)
    ov7725_finish_flag                       0x200001b8   Data           1  seekfree_7725.o(.data)
    icm_gyro_x                               0x200001bc   Data           2  seekfree_icm20602.o(.data)
    icm_gyro_y                               0x200001be   Data           2  seekfree_icm20602.o(.data)
    icm_gyro_z                               0x200001c0   Data           2  seekfree_icm20602.o(.data)
    icm_acc_x                                0x200001c2   Data           2  seekfree_icm20602.o(.data)
    icm_acc_y                                0x200001c4   Data           2  seekfree_icm20602.o(.data)
    icm_acc_z                                0x200001c6   Data           2  seekfree_icm20602.o(.data)
    mt9v03x_finish_flag                      0x200001c8   Data           1  seekfree_mt9v03x.o(.data)
    MT9V03X_CFG                              0x200001ce   Data          36  seekfree_mt9v03x.o(.data)
    GET_CFG                                  0x200001f2   Data          32  seekfree_mt9v03x.o(.data)
    ov7725_uart_finish_flag                  0x20000212   Data           1  seekfree_uart_7725.o(.data)
    OV7725_CFG                               0x20000214   Data          24  seekfree_uart_7725.o(.data)
    OV7725_GET_CFG                           0x2000022c   Data          20  seekfree_uart_7725.o(.data)
    pwm_enable_state                         0x20000248   Data          32  zf_pwm.o(.bss)
    __initial_sp                             0x20002268   Data           0  startup_mm32f327x_keil.o(STACK)



==============================================================================

Memory Map of the image

  Image Entry point : 0x08000191

  Load Region LR_IROM1 (Base: 0x08000000, Size: 0x000058e0, Max: 0x00080000, ABSOLUTE, COMPRESSED[0x00005798])

    Execution Region ER_IROM1 (Exec base: 0x08000000, Load base: 0x08000000, Size: 0x00005698, Max: 0x00080000, ABSOLUTE)

    Exec Addr    Load Addr    Size         Type   Attr      Idx    E Section Name        Object

    0x08000000   0x08000000   0x00000190   Data   RO         1130    RESET               startup_mm32f327x_keil.o
    0x08000190   0x08000190   0x00000000   Code   RO         7387  * .ARM.Collect$$$$00000000  mc_w.l(entry.o)
    0x08000190   0x08000190   0x00000004   Code   RO         7711    .ARM.Collect$$$$00000001  mc_w.l(entry2.o)
    0x08000194   0x08000194   0x00000004   Code   RO         7714    .ARM.Collect$$$$00000004  mc_w.l(entry5.o)
    0x08000198   0x08000198   0x00000000   Code   RO         7716    .ARM.Collect$$$$00000008  mc_w.l(entry7b.o)
    0x08000198   0x08000198   0x00000000   Code   RO         7718    .ARM.Collect$$$$0000000A  mc_w.l(entry8b.o)
    0x08000198   0x08000198   0x00000008   Code   RO         7719    .ARM.Collect$$$$0000000B  mc_w.l(entry9a.o)
    0x080001a0   0x080001a0   0x00000000   Code   RO         7721    .ARM.Collect$$$$0000000D  mc_w.l(entry10a.o)
    0x080001a0   0x080001a0   0x00000000   Code   RO         7723    .ARM.Collect$$$$0000000F  mc_w.l(entry11a.o)
    0x080001a0   0x080001a0   0x00000004   Code   RO         7712    .ARM.Collect$$$$00002712  mc_w.l(entry2.o)
    0x080001a4   0x080001a4   0x00000024   Code   RO         1131    .text               startup_mm32f327x_keil.o
    0x080001c8   0x080001c8   0x000000b0   Code   RO         7657    .text               mf_w.l(fadd.o)
    0x08000278   0x08000278   0x00000064   Code   RO         7659    .text               mf_w.l(fmul.o)
    0x080002dc   0x080002dc   0x0000007c   Code   RO         7661    .text               mf_w.l(fdiv.o)
    0x08000358   0x08000358   0x0000014e   Code   RO         7663    .text               mf_w.l(dadd.o)
    0x080004a6   0x080004a6   0x000000e4   Code   RO         7665    .text               mf_w.l(dmul.o)
    0x0800058a   0x0800058a   0x000000de   Code   RO         7667    .text               mf_w.l(ddiv.o)
    0x08000668   0x08000668   0x00000012   Code   RO         7669    .text               mf_w.l(fflti.o)
    0x0800067a   0x0800067a   0x0000000a   Code   RO         7671    .text               mf_w.l(ffltui.o)
    0x08000684   0x08000684   0x00000022   Code   RO         7673    .text               mf_w.l(dflti.o)
    0x080006a6   0x080006a6   0x00000032   Code   RO         7675    .text               mf_w.l(ffixi.o)
    0x080006d8   0x080006d8   0x00000028   Code   RO         7677    .text               mf_w.l(ffixui.o)
    0x08000700   0x08000700   0x0000003e   Code   RO         7679    .text               mf_w.l(dfixi.o)
    0x0800073e   0x0800073e   0x00000026   Code   RO         7681    .text               mf_w.l(f2d.o)
    0x08000764   0x08000764   0x00000038   Code   RO         7687    .text               mf_w.l(d2f.o)
    0x0800079c   0x0800079c   0x00000014   Code   RO         7689    .text               mf_w.l(cfcmple.o)
    0x080007b0   0x080007b0   0x00000014   Code   RO         7691    .text               mf_w.l(cfrcmple.o)
    0x080007c4   0x080007c4   0x0000001e   Code   RO         7728    .text               mc_w.l(llshl.o)
    0x080007e2   0x080007e2   0x00000020   Code   RO         7730    .text               mc_w.l(llushr.o)
    0x08000802   0x08000802   0x00000024   Code   RO         7732    .text               mc_w.l(llsshr.o)
    0x08000826   0x08000826   0x00000000   Code   RO         7734    .text               mc_w.l(iusefp.o)
    0x08000826   0x08000826   0x0000006e   Code   RO         7735    .text               mf_w.l(fepilogue.o)
    0x08000894   0x08000894   0x000000ba   Code   RO         7737    .text               mf_w.l(depilogue.o)
    0x0800094e   0x0800094e   0x0000002e   Code   RO         7739    .text               mf_w.l(dscalb.o)
    0x0800097c   0x0800097c   0x00000024   Code   RO         7743    .text               mc_w.l(init.o)
    0x080009a0   0x080009a0   0x00000056   Code   RO         7753    .text               mc_w.l(__dczerorl2.o)
    0x080009f6   0x080009f6   0x00000066   Code   RO         1083    i.AutoCalPllFactor  system_mm32f327x.o
    0x08000a5c   0x08000a5c   0x000000bc   Code   RO          586    i.Branch            dogcart_algorithm.o
    0x08000b18   0x08000b18   0x00000004   Code   RO          778    i.BusFault_Handler  common.o
    0x08000b1c   0x08000b1c   0x00000230   Code   RO          588    i.ComplementaryFiltering2  dogcart_algorithm.o
    0x08000d4c   0x08000d4c   0x00000042   Code   RO         1084    i.DELAY_xUs         system_mm32f327x.o
    0x08000d8e   0x08000d8e   0x00000014   Code   RO            4    i.DMA1_Channel1_IRQHandler  isr.o
    0x08000da2   0x08000da2   0x00000014   Code   RO            5    i.DMA1_Channel2_IRQHandler  isr.o
    0x08000db6   0x08000db6   0x00000016   Code   RO            6    i.DMA1_Channel3_IRQHandler  isr.o
    0x08000dcc   0x08000dcc   0x00000044   Code   RO            7    i.DMA1_Channel4_IRQHandler  isr.o
    0x08000e10   0x08000e10   0x00000016   Code   RO            8    i.DMA1_Channel5_IRQHandler  isr.o
    0x08000e26   0x08000e26   0x00000016   Code   RO            9    i.DMA1_Channel6_IRQHandler  isr.o
    0x08000e3c   0x08000e3c   0x00000016   Code   RO           10    i.DMA1_Channel7_IRQHandler  isr.o
    0x08000e52   0x08000e52   0x00000002   PAD
    0x08000e54   0x08000e54   0x00000018   Code   RO           11    i.DMA2_Channel1_IRQHandler  isr.o
    0x08000e6c   0x08000e6c   0x00000018   Code   RO           12    i.DMA2_Channel2_IRQHandler  isr.o
    0x08000e84   0x08000e84   0x00000018   Code   RO           13    i.DMA2_Channel3_IRQHandler  isr.o
    0x08000e9c   0x08000e9c   0x00000018   Code   RO           14    i.DMA2_Channel4_IRQHandler  isr.o
    0x08000eb4   0x08000eb4   0x00000018   Code   RO           15    i.DMA2_Channel5_IRQHandler  isr.o
    0x08000ecc   0x08000ecc   0x0000001c   Code   RO         4036    i.DMA_ClearFlag     hal_dma.o
    0x08000ee8   0x08000ee8   0x00000030   Code   RO         4041    i.DMA_GetFlagStatus  hal_dma.o
    0x08000f18   0x08000f18   0x00000004   Code   RO          779    i.DebugMon_Handler  common.o
    0x08000f1c   0x08000f1c   0x000000bc   Code   RO          589    i.DetermineDirection  dogcart_algorithm.o
    0x08000fd8   0x08000fd8   0x0000000a   Code   RO           16    i.EXTI0_IRQHandler  isr.o
    0x08000fe2   0x08000fe2   0x00000002   PAD
    0x08000fe4   0x08000fe4   0x00000090   Code   RO           17    i.EXTI15_10_IRQHandler  isr.o
    0x08001074   0x08001074   0x0000000a   Code   RO           18    i.EXTI1_IRQHandler  isr.o
    0x0800107e   0x0800107e   0x0000000a   Code   RO           19    i.EXTI2_IRQHandler  isr.o
    0x08001088   0x08001088   0x0000000a   Code   RO           20    i.EXTI3_IRQHandler  isr.o
    0x08001092   0x08001092   0x0000000a   Code   RO           21    i.EXTI4_IRQHandler  isr.o
    0x0800109c   0x0800109c   0x00000080   Code   RO           22    i.EXTI9_5_IRQHandler  isr.o
    0x0800111c   0x0800111c   0x0000000c   Code   RO         4646    i.EXTI_ClearFlag    hal_exti.o
    0x08001128   0x08001128   0x00000020   Code   RO         4651    i.EXTI_GetITStatus  hal_exti.o
    0x08001148   0x08001148   0x000000d8   Code   RO         4652    i.EXTI_Init         hal_exti.o
    0x08001220   0x08001220   0x0000003c   Code   RO         4653    i.EXTI_LineConfig   hal_exti.o
    0x0800125c   0x0800125c   0x00000010   Code   RO         4654    i.EXTI_StructInit   hal_exti.o
    0x0800126c   0x0800126c   0x00000004   Code   RO         4986    i.GPIO_ResetBits    hal_gpio.o
    0x08001270   0x08001270   0x00000004   Code   RO         4987    i.GPIO_SetBits      hal_gpio.o
    0x08001274   0x08001274   0x00000004   Code   RO          780    i.HardFault_Handler  common.o
    0x08001278   0x08001278   0x00000004   Code   RO          781    i.MemManage_Handler  common.o
    0x0800127c   0x0800127c   0x00000074   Code   RO          669    i.MotorCtrl         tiny_module.o
    0x080012f0   0x080012f0   0x00000004   Code   RO          782    i.NMI_Handler       common.o
    0x080012f4   0x080012f4   0x0000006c   Code   RO         5366    i.NVIC_Init         hal_misc.o
    0x08001360   0x08001360   0x00000094   Code   RO          590    i.OutputSpeedControl  dogcart_algorithm.o
    0x080013f4   0x080013f4   0x00000004   Code   RO          783    i.PendSV_Handler    common.o
    0x080013f8   0x080013f8   0x00000004   Code   RO          784    i.SVC_Handler       common.o
    0x080013fc   0x080013fc   0x00000030   Code   RO         1085    i.SetSysClock       system_mm32f327x.o
    0x0800142c   0x0800142c   0x000001f4   Code   RO         1086    i.SetSysClockToXX   system_mm32f327x.o
    0x08001620   0x08001620   0x000000e4   Code   RO          591    i.SpeedControl      dogcart_algorithm.o
    0x08001704   0x08001704   0x00000064   Code   RO         1087    i.SystemInit        system_mm32f327x.o
    0x08001768   0x08001768   0x0000004c   Code   RO           23    i.TIM2_IRQHandler   isr.o
    0x080017b4   0x080017b4   0x000000a0   Code   RO           24    i.TIM6_IRQHandler   isr.o
    0x08001854   0x08001854   0x000000ac   Code   RO           25    i.TIM7_IRQHandler   isr.o
    0x08001900   0x08001900   0x00000020   Code   RO           26    i.TIM8_UP_IRQHandler  isr.o
    0x08001920   0x08001920   0x0000003c   Code   RO           27    i.UART1_IRQHandler  isr.o
    0x0800195c   0x0800195c   0x0000003c   Code   RO           28    i.UART2_IRQHandler  isr.o
    0x08001998   0x08001998   0x0000003c   Code   RO           29    i.UART3_IRQHandler  isr.o
    0x080019d4   0x080019d4   0x0000003c   Code   RO           30    i.UART4_IRQHandler  isr.o
    0x08001a10   0x08001a10   0x00000034   Code   RO           31    i.UART5_IRQHandler  isr.o
    0x08001a44   0x08001a44   0x0000003c   Code   RO           32    i.UART6_IRQHandler  isr.o
    0x08001a80   0x08001a80   0x0000003c   Code   RO           33    i.UART7_IRQHandler  isr.o
    0x08001abc   0x08001abc   0x00000060   Code   RO           34    i.UART8_IRQHandler  isr.o
    0x08001b1c   0x08001b1c   0x00000004   Code   RO          785    i.UsageFault_Handler  common.o
    0x08001b20   0x08001b20   0x00000028   Code   RO         7707    i.__ARM_fpclassify  m_ws.l(fpclassify.o)
    0x08001b48   0x08001b48   0x000000aa   Code   RO         7709    i.__kernel_poly     m_ws.l(poly.o)
    0x08001bf2   0x08001bf2   0x00000006   Code   RO         7694    i.__mathlib_dbl_infnan  m_ws.l(dunder.o)
    0x08001bf8   0x08001bf8   0x00000010   Code   RO         7699    i.__mathlib_dbl_underflow  m_ws.l(dunder.o)
    0x08001c08   0x08001c08   0x0000000e   Code   RO         7747    i.__scatterload_copy  mc_w.l(handlers.o)
    0x08001c16   0x08001c16   0x00000002   Code   RO         7748    i.__scatterload_null  mc_w.l(handlers.o)
    0x08001c18   0x08001c18   0x0000000e   Code   RO         7749    i.__scatterload_zeroinit  mc_w.l(handlers.o)
    0x08001c26   0x08001c26   0x00000002   PAD
    0x08001c28   0x08001c28   0x00000068   Code   RO         1138    i.adc_convert       zf_adc.o
    0x08001c90   0x08001c90   0x00000104   Code   RO         1139    i.adc_init          zf_adc.o
    0x08001d94   0x08001d94   0x0000002c   Code   RO         1140    i.adc_mean_filter   zf_adc.o
    0x08001dc0   0x08001dc0   0x0000001a   Code   RO         1141    i.adc_pin_init      zf_adc.o
    0x08001dda   0x08001dda   0x00000002   PAD
    0x08001ddc   0x08001ddc   0x000000e4   Code   RO         1356    i.afio_init         zf_gpio.o
    0x08001ec0   0x08001ec0   0x00000220   Code   RO         7378    i.atan              m_ws.l(atan.o)
    0x080020e0   0x080020e0   0x0000003c   Code   RO          739    i.board_init        board.o
    0x0800211c   0x0800211c   0x0000007c   Code   RO          592    i.directionControl  dogcart_algorithm.o
    0x08002198   0x08002198   0x000000d8   Code   RO         1228    i.exti_interrupt_init  zf_exti.o
    0x08002270   0x08002270   0x00000064   Code   RO          670    i.first2M           tiny_module.o
    0x080022d4   0x080022d4   0x000000fc   Code   RO          593    i.fixedCircle       dogcart_algorithm.o
    0x080023d0   0x080023d0   0x00000054   Code   RO         2142    i.get_icm20602_accdata_spi  seekfree_icm20602.o
    0x08002424   0x08002424   0x00000054   Code   RO         2144    i.get_icm20602_gyro_spi  seekfree_icm20602.o
    0x08002478   0x08002478   0x0000014c   Code   RO         1359    i.gpio_init         zf_gpio.o
    0x080025c4   0x080025c4   0x0000009c   Code   RO         2146    i.icm20602_init_spi  seekfree_icm20602.o
    0x08002660   0x08002660   0x00000020   Code   RO         2148    i.icm20602_self3_check  seekfree_icm20602.o
    0x08002680   0x08002680   0x0000004c   Code   RO         2149    i.icm_spi_r_reg_byte  seekfree_icm20602.o
    0x080026cc   0x080026cc   0x00000038   Code   RO         2150    i.icm_spi_r_reg_bytes  seekfree_icm20602.o
    0x08002704   0x08002704   0x00000040   Code   RO         2151    i.icm_spi_w_reg_byte  seekfree_icm20602.o
    0x08002744   0x08002744   0x00000170   Code   RO          558    i.main              main.o
    0x080028b4   0x080028b4   0x00000020   Code   RO         2716    i.mt9v03x_dma       seekfree_mt9v03x.o
    0x080028d4   0x080028d4   0x00000054   Code   RO         2721    i.mt9v03x_uart_callback  seekfree_mt9v03x.o
    0x08002928   0x08002928   0x00000018   Code   RO         2722    i.mt9v03x_vsync     seekfree_mt9v03x.o
    0x08002940   0x08002940   0x00000028   Code   RO          786    i.nvic_init         common.o
    0x08002968   0x08002968   0x0000003a   Code   RO         2823    i.oled_fill         seekfree_oled.o
    0x080029a2   0x080029a2   0x00000002   PAD
    0x080029a4   0x080029a4   0x00000130   Code   RO         2825    i.oled_init         seekfree_oled.o
    0x08002ad4   0x08002ad4   0x00000064   Code   RO         2827    i.oled_p6x8str      seekfree_oled.o
    0x08002b38   0x08002b38   0x00000024   Code   RO         2833    i.oled_set_pos      seekfree_oled.o
    0x08002b5c   0x08002b5c   0x000000a0   Code   RO         2835    i.oled_wrcmd        seekfree_oled.o
    0x08002bfc   0x08002bfc   0x000000a0   Code   RO         2836    i.oled_wrdat        seekfree_oled.o
    0x08002c9c   0x08002c9c   0x00000054   Code   RO         2984    i.ov7725_cof_uart_interrupt  seekfree_uart_7725.o
    0x08002cf0   0x08002cf0   0x00000020   Code   RO         1940    i.ov7725_dma        seekfree_7725.o
    0x08002d10   0x08002d10   0x00000020   Code   RO         2988    i.ov7725_uart_dma   seekfree_uart_7725.o
    0x08002d30   0x08002d30   0x00000018   Code   RO         2994    i.ov7725_uart_vsync  seekfree_uart_7725.o
    0x08002d48   0x08002d48   0x00000018   Code   RO         1953    i.ov7725_vsync      seekfree_7725.o
    0x08002d60   0x08002d60   0x000000b0   Code   RO         1473    i.pwm_duty_updata   zf_pwm.o
    0x08002e10   0x08002e10   0x000002a4   Code   RO         1475    i.pwm_init          zf_pwm.o
    0x080030b4   0x080030b4   0x00000014   Code   RO         1476    i.pwm_pin_init      zf_pwm.o
    0x080030c8   0x080030c8   0x000001c8   Code   RO          594    i.run               dogcart_algorithm.o
    0x08003290   0x08003290   0x00000040   Code   RO          673    i.rushA             tiny_module.o
    0x080032d0   0x080032d0   0x0000008c   Code   RO          674    i.rushB             tiny_module.o
    0x0800335c   0x0800335c   0x000001c0   Code   RO         1526    i.spi_init          zf_spi.o
    0x0800351c   0x0800351c   0x00000050   Code   RO         1527    i.spi_mosi          zf_spi.o
    0x0800356c   0x0800356c   0x00000058   Code   RO         1528    i.spi_pin_init      zf_spi.o
    0x080035c4   0x080035c4   0x00000026   Code   RO         1571    i.systick_delay     zf_systick.o
    0x080035ea   0x080035ea   0x00000002   PAD
    0x080035ec   0x080035ec   0x00000028   Code   RO         1572    i.systick_delay_ms  zf_systick.o
    0x08003614   0x08003614   0x00000014   Code   RO         1630    i.tim_counter_rst   zf_tim.o
    0x08003628   0x08003628   0x00000018   Code   RO         1631    i.tim_encoder_get_count  zf_tim.o
    0x08003640   0x08003640   0x000000f0   Code   RO         1632    i.tim_encoder_init  zf_tim.o
    0x08003730   0x08003730   0x00000014   Code   RO         1633    i.tim_encoder_pin_init  zf_tim.o
    0x08003744   0x08003744   0x000000d8   Code   RO         1423    i.tim_interrupt_init_ms  zf_pit.o
    0x0800381c   0x0800381c   0x00000194   Code   RO         1703    i.uart_init         zf_uart.o
    0x080039b0   0x080039b0   0x00000024   Code   RO         1704    i.uart_pin_init     zf_uart.o
    0x080039d4   0x080039d4   0x00000020   Code   RO         1706    i.uart_putchar      zf_uart.o
    0x080039f4   0x080039f4   0x0000001a   Code   RO         1707    i.uart_putstr       zf_uart.o
    0x08003a0e   0x08003a0e   0x00000002   PAD
    0x08003a10   0x08003a10   0x00000048   Code   RO         1709    i.uart_rx_irq       zf_uart.o
    0x08003a58   0x08003a58   0x00001b88   Data   RO         2113    .constdata          seekfree_font.o
    0x080055e0   0x080055e0   0x00000098   Data   RO         7379    .constdata          m_ws.l(atan.o)
    0x08005678   0x08005678   0x00000020   Data   RO         7745    Region$$Table       anon$$obj.o


    Execution Region RW_IRAM1 (Exec base: 0x20000000, Load base: 0x08005698, Size: 0x00002268, Max: 0x00020000, ABSOLUTE, COMPRESSED[0x00000100])

    Exec Addr    Load Addr    Size         Type   Attr      Idx    E Section Name        Object

    0x20000000   COMPRESSED   0x00000115   Data   RW          595    .data               dogcart_algorithm.o
    0x20000115   COMPRESSED   0x00000003   PAD
    0x20000118   COMPRESSED   0x00000008   Data   RW          789    .data               common.o
    0x20000120   COMPRESSED   0x00000014   Data   RW         1088    .data               system_mm32f327x.o
    0x20000134   COMPRESSED   0x0000000f   Data   RW         1142    .data               zf_adc.o
    0x20000143   COMPRESSED   0x00000001   PAD
    0x20000144   COMPRESSED   0x00000020   Data   RW         1362    .data               zf_gpio.o
    0x20000164   COMPRESSED   0x0000000c   Data   RW         1529    .data               zf_spi.o
    0x20000170   COMPRESSED   0x00000020   Data   RW         1635    .data               zf_tim.o
    0x20000190   COMPRESSED   0x00000028   Data   RW         1711    .data               zf_uart.o
    0x200001b8   COMPRESSED   0x00000004   Data   RW         1955    .data               seekfree_7725.o
    0x200001bc   COMPRESSED   0x0000000c   Data   RW         2152    .data               seekfree_icm20602.o
    0x200001c8   COMPRESSED   0x0000004a   Data   RW         2728    .data               seekfree_mt9v03x.o
    0x20000212   COMPRESSED   0x00000033   Data   RW         2997    .data               seekfree_uart_7725.o
    0x20000245   COMPRESSED   0x00000003   PAD
    0x20000248        -       0x00000020   Zero   RW         1477    .bss                zf_pwm.o
    0x20000268        -       0x00002000   Zero   RW         1128    STACK               startup_mm32f327x_keil.o


==============================================================================

Image component sizes


      Code (inc. data)   RO Data    RW Data    ZI Data      Debug   Object Name

        60          8          0          0          0      27913   board.o
        72          0          0          8          0       7459   common.o
      2144        416          0        277          0       7865   dogcart_algorithm.o
        76         16          0          0          0       4860   hal_dma.o
       336         20          0          0          0       5492   hal_exti.o
         8          0          0          0          0       3848   hal_gpio.o
       108         12          0          0          0       1132   hal_misc.o
      1586        172          0          0          0     119567   isr.o
       368         12          0          0          0        575   main.o
        56         14          0          4          0       1826   seekfree_7725.o
         0          0       7048          0          0       1049   seekfree_font.o
       552         42          0         12          0       4520   seekfree_icm20602.o
       140         32          0         74          0       2646   seekfree_mt9v03x.o
       818         16          0          0          0       4794   seekfree_oled.o
         0          0          0          0          0      11577   seekfree_printf.o
       140         32          0         51          0       2752   seekfree_uart_7725.o
        36          8        400          0       8192        880   startup_mm32f327x_keil.o
       816         60          0         20          0       4316   system_mm32f327x.o
       420         74          0          0          0       1974   tiny_module.o
       434         22          0         15          0       4630   zf_adc.o
       216          4          0          0          0        778   zf_exti.o
       560         20          0         32          0       3421   zf_gpio.o
       216         20          0          0          0        824   zf_pit.o
       872         30          0          0         32       2924   zf_pwm.o
       616         18          0         12          0       4258   zf_spi.o
        78          6          0          0          0       1067   zf_systick.o
       304         18          0         32          0       3925   zf_tim.o
       570         32          0         40          0       5081   zf_uart.o

    ----------------------------------------------------------------------
     11614       1104       7480        584       8224     241953   Object Totals
         0          0         32          0          0          0   (incl. Generated)
        12          0          0          7          0          0   (incl. Padding)

    ----------------------------------------------------------------------

      Code (inc. data)   RO Data    RW Data    ZI Data      Debug   Library Member Name

       544         70        152          0          0        124   atan.o
        22          6          0          0          0        136   dunder.o
        40          0          0          0          0         68   fpclassify.o
       170          0          0          0          0         96   poly.o
        86          0          0          0          0          0   __dczerorl2.o
         0          0          0          0          0          0   entry.o
         0          0          0          0          0          0   entry10a.o
         0          0          0          0          0          0   entry11a.o
         8          4          0          0          0          0   entry2.o
         4          0          0          0          0          0   entry5.o
         0          0          0          0          0          0   entry7b.o
         0          0          0          0          0          0   entry8b.o
         8          4          0          0          0          0   entry9a.o
        30          0          0          0          0          0   handlers.o
        36          8          0          0          0         68   init.o
         0          0          0          0          0          0   iusefp.o
        30          0          0          0          0         68   llshl.o
        36          0          0          0          0         68   llsshr.o
        32          0          0          0          0         68   llushr.o
        20          0          0          0          0         68   cfcmple.o
        20          0          0          0          0         68   cfrcmple.o
        56          0          0          0          0         88   d2f.o
       334          0          0          0          0        148   dadd.o
       222          0          0          0          0        100   ddiv.o
       186          0          0          0          0        176   depilogue.o
        62          0          0          0          0         80   dfixi.o
        34          0          0          0          0         76   dflti.o
       228          0          0          0          0         96   dmul.o
        46          0          0          0          0         80   dscalb.o
        38          0          0          0          0         68   f2d.o
       176          0          0          0          0        140   fadd.o
       124          0          0          0          0         88   fdiv.o
       110          0          0          0          0        168   fepilogue.o
        50          0          0          0          0         68   ffixi.o
        40          0          0          0          0         68   ffixui.o
        18          0          0          0          0         68   fflti.o
        10          0          0          0          0         68   ffltui.o
       100          0          0          0          0         76   fmul.o

    ----------------------------------------------------------------------
      2922         92        152          0          0       2488   Library Totals
         2          0          0          0          0          0   (incl. Padding)

    ----------------------------------------------------------------------

      Code (inc. data)   RO Data    RW Data    ZI Data      Debug   Library Name

       776         76        152          0          0        424   m_ws.l
       270         16          0          0          0        272   mc_w.l
      1874          0          0          0          0       1792   mf_w.l

    ----------------------------------------------------------------------
      2922         92        152          0          0       2488   Library Totals

    ----------------------------------------------------------------------

==============================================================================


      Code (inc. data)   RO Data    RW Data    ZI Data      Debug   

     14536       1196       7632        584       8224     237549   Grand Totals
     14536       1196       7632        256       8224     237549   ELF Image Totals (compressed)
     14536       1196       7632        256          0          0   ROM Totals

==============================================================================

    Total RO  Size (Code + RO Data)                22168 (  21.65kB)
    Total RW  Size (RW Data + ZI Data)              8808 (   8.60kB)
    Total ROM Size (Code + RO Data + RW Data)      22424 (  21.90kB)

==============================================================================

